Component: ARM Compiler 5.06 update 7 (build 960) Tool: armlink [4d3601]

==============================================================================

Section Cross References

    startup_stm32f103xb.o(RESET) refers to startup_stm32f103xb.o(STACK) for __initial_sp
    startup_stm32f103xb.o(RESET) refers to startup_stm32f103xb.o(.text) for Reset_Handler
    startup_stm32f103xb.o(RESET) refers to stm32f1xx_it.o(i.NMI_Handler) for NMI_Handler
    startup_stm32f103xb.o(RESET) refers to stm32f1xx_it.o(i.HardFault_Handler) for HardFault_Handler
    startup_stm32f103xb.o(RESET) refers to stm32f1xx_it.o(i.MemManage_Handler) for MemManage_Handler
    startup_stm32f103xb.o(RESET) refers to stm32f1xx_it.o(i.BusFault_Handler) for BusFault_Handler
    startup_stm32f103xb.o(RESET) refers to stm32f1xx_it.o(i.UsageFault_Handler) for UsageFault_Handler
    startup_stm32f103xb.o(RESET) refers to stm32f1xx_it.o(i.SVC_Handler) for SVC_Handler
    startup_stm32f103xb.o(RESET) refers to stm32f1xx_it.o(i.DebugMon_Handler) for DebugMon_Handler
    startup_stm32f103xb.o(RESET) refers to stm32f1xx_it.o(i.PendSV_Handler) for PendSV_Handler
    startup_stm32f103xb.o(RESET) refers to stm32f1xx_it.o(i.SysTick_Handler) for SysTick_Handler
    startup_stm32f103xb.o(RESET) refers to stm32f1xx_it.o(i.TIM4_IRQHandler) for TIM4_IRQHandler
    startup_stm32f103xb.o(RESET) refers to stm32f1xx_it.o(i.USART2_IRQHandler) for USART2_IRQHandler
    startup_stm32f103xb.o(RESET) refers to stm32f1xx_it.o(i.USART3_IRQHandler) for USART3_IRQHandler
    startup_stm32f103xb.o(.text) refers to system_stm32f1xx.o(i.SystemInit) for SystemInit
    startup_stm32f103xb.o(.text) refers to entry.o(.ARM.Collect$$$$00000000) for __main
    main.o(i.MX_GPIO_Init) refers to stm32f1xx_hal_gpio.o(i.HAL_GPIO_WritePin) for HAL_GPIO_WritePin
    main.o(i.MX_GPIO_Init) refers to stm32f1xx_hal_gpio.o(i.HAL_GPIO_Init) for HAL_GPIO_Init
    main.o(i.MX_TIM4_Init) refers to stm32f1xx_hal_tim.o(i.HAL_TIM_Base_Init) for HAL_TIM_Base_Init
    main.o(i.MX_TIM4_Init) refers to main.o(i.Error_Handler) for Error_Handler
    main.o(i.MX_TIM4_Init) refers to stm32f1xx_hal_tim.o(i.HAL_TIM_ConfigClockSource) for HAL_TIM_ConfigClockSource
    main.o(i.MX_TIM4_Init) refers to stm32f1xx_hal_tim_ex.o(i.HAL_TIMEx_MasterConfigSynchronization) for HAL_TIMEx_MasterConfigSynchronization
    main.o(i.MX_TIM4_Init) refers to main.o(.bss) for .bss
    main.o(i.MX_USART2_UART_Init) refers to stm32f1xx_hal_uart.o(i.HAL_UART_Init) for HAL_UART_Init
    main.o(i.MX_USART2_UART_Init) refers to main.o(i.Error_Handler) for Error_Handler
    main.o(i.MX_USART2_UART_Init) refers to main.o(.bss) for .bss
    main.o(i.MX_USART3_UART_Init) refers to stm32f1xx_hal_uart.o(i.HAL_UART_Init) for HAL_UART_Init
    main.o(i.MX_USART3_UART_Init) refers to main.o(i.Error_Handler) for Error_Handler
    main.o(i.MX_USART3_UART_Init) refers to main.o(.bss) for .bss
    main.o(i.SystemClock_Config) refers to memseta.o(.text) for __aeabi_memclr4
    main.o(i.SystemClock_Config) refers to stm32f1xx_hal_rcc.o(i.HAL_RCC_OscConfig) for HAL_RCC_OscConfig
    main.o(i.SystemClock_Config) refers to main.o(i.Error_Handler) for Error_Handler
    main.o(i.SystemClock_Config) refers to stm32f1xx_hal_rcc.o(i.HAL_RCC_ClockConfig) for HAL_RCC_ClockConfig
    main.o(i.main) refers to stm32f1xx_hal.o(i.HAL_Init) for HAL_Init
    main.o(i.main) refers to main.o(i.SystemClock_Config) for SystemClock_Config
    main.o(i.main) refers to main.o(i.MX_GPIO_Init) for MX_GPIO_Init
    main.o(i.main) refers to main.o(i.MX_DMA_Init) for MX_DMA_Init
    main.o(i.main) refers to main.o(i.MX_USART2_UART_Init) for MX_USART2_UART_Init
    main.o(i.main) refers to main.o(i.MX_USART3_UART_Init) for MX_USART3_UART_Init
    main.o(i.main) refers to main.o(i.MX_TIM4_Init) for MX_TIM4_Init
    main.o(i.main) refers to system_start.o(i.System_Init) for System_Init
    main.o(i.main) refers to system_start.o(i.System_loop) for System_loop
    stm32f1xx_it.o(i.SysTick_Handler) refers to stm32f1xx_hal.o(i.HAL_IncTick) for HAL_IncTick
    stm32f1xx_it.o(i.TIM4_IRQHandler) refers to drv_esp.o(i.esp_timer_handler) for esp_timer_handler
    stm32f1xx_it.o(i.USART2_IRQHandler) refers to drv_esp.o(i.esp_uart_Rx_handler) for esp_uart_Rx_handler
    stm32f1xx_hal_msp.o(i.HAL_TIM_Base_MspDeInit) refers to stm32f1xx_hal_cortex.o(i.HAL_NVIC_DisableIRQ) for HAL_NVIC_DisableIRQ
    stm32f1xx_hal_msp.o(i.HAL_TIM_Base_MspInit) refers to stm32f1xx_hal_cortex.o(i.HAL_NVIC_SetPriority) for HAL_NVIC_SetPriority
    stm32f1xx_hal_msp.o(i.HAL_TIM_Base_MspInit) refers to stm32f1xx_hal_cortex.o(i.HAL_NVIC_EnableIRQ) for HAL_NVIC_EnableIRQ
    stm32f1xx_hal_msp.o(i.HAL_UART_MspDeInit) refers to stm32f1xx_hal_gpio.o(i.HAL_GPIO_DeInit) for HAL_GPIO_DeInit
    stm32f1xx_hal_msp.o(i.HAL_UART_MspDeInit) refers to stm32f1xx_hal_dma.o(i.HAL_DMA_DeInit) for HAL_DMA_DeInit
[...]
    ../clib/microlib/init/entry.s            0x00000000   Number         0  entry12a.o ABSOLUTE
    ../clib/microlib/init/entry.s            0x00000000   Number         0  entry12b.o ABSOLUTE
    ../clib/microlib/init/entry.s            0x00000000   Number         0  entry11a.o ABSOLUTE
    ../clib/microlib/init/entry.s            0x00000000   Number         0  entry8b.o ABSOLUTE
    ../clib/microlib/init/entry.s            0x00000000   Number         0  entry8a.o ABSOLUTE
    ../clib/microlib/init/entry.s            0x00000000   Number         0  entry.o ABSOLUTE
    ../clib/microlib/init/entry.s            0x00000000   Number         0  entry10b.o ABSOLUTE
    ../clib/microlib/init/entry.s            0x00000000   Number         0  entry10a.o ABSOLUTE
    ../clib/microlib/init/entry.s            0x00000000   Number         0  entry9b.o ABSOLUTE
    ../clib/microlib/init/entry.s            0x00000000   Number         0  entry9a.o ABSOLUTE
    ../clib/microlib/longlong.c              0x00000000   Number         0  llshl.o ABSOLUTE
    ../clib/microlib/longlong.c              0x00000000   Number         0  llsshr.o ABSOLUTE
    ../clib/microlib/longlong.c              0x00000000   Number         0  llushr.o ABSOLUTE
    ../clib/microlib/printf/printf.c         0x00000000   Number         0  printf7.o ABSOLUTE
    ../clib/microlib/printf/printf.c         0x00000000   Number         0  printf4.o ABSOLUTE
    ../clib/microlib/printf/printf.c         0x00000000   Number         0  printf3.o ABSOLUTE
    ../clib/microlib/printf/printf.c         0x00000000   Number         0  printf2.o ABSOLUTE
    ../clib/microlib/printf/printf.c         0x00000000   Number         0  printf0.o ABSOLUTE
    ../clib/microlib/printf/printf.c         0x00000000   Number         0  printfb.o ABSOLUTE
    ../clib/microlib/printf/printf.c         0x00000000   Number         0  printf1.o ABSOLUTE
    ../clib/microlib/printf/printf.c         0x00000000   Number         0  printf8.o ABSOLUTE
    ../clib/microlib/printf/printf.c         0x00000000   Number         0  printfa.o ABSOLUTE
    ../clib/microlib/printf/printf.c         0x00000000   Number         0  printf6.o ABSOLUTE
    ../clib/microlib/printf/printf.c         0x00000000   Number         0  printf5.o ABSOLUTE
    ../clib/microlib/printf/stubs.s          0x00000000   Number         0  stubs.o ABSOLUTE
    ../clib/microlib/string/memcpy.c         0x00000000   Number         0  memcpyb.o ABSOLUTE
    ../clib/microlib/string/memcpy.c         0x00000000   Number         0  memcpya.o ABSOLUTE
    ../clib/microlib/string/memset.c         0x00000000   Number         0  memseta.o ABSOLUTE
    ../clib/microlib/string/strchr.c         0x00000000   Number         0  strchr.o ABSOLUTE
    ../clib/microlib/string/strcpy.c         0x00000000   Number         0  strcpy.o ABSOLUTE
    ../clib/microlib/string/strlen.c         0x00000000   Number         0  strlen.o ABSOLUTE
    ../clib/microlib/string/strncmp.c        0x00000000   Number         0  strncmp.o ABSOLUTE
    ../clib/microlib/string/strstr.c         0x00000000   Number         0  strstr.o ABSOLUTE
    ../clib/microlib/stubs.s                 0x00000000   Number         0  useno.o ABSOLUTE
    ../clib/microlib/stubs.s                 0x00000000   Number         0  iusefp.o ABSOLUTE
    ../fplib/microlib/f2d.c                  0x00000000   Number         0  f2d.o ABSOLUTE
    ../fplib/microlib/fpadd.c                0x00000000   Number         0  dadd.o ABSOLUTE
    ../fplib/microlib/fpdiv.c                0x00000000   Number         0  ddiv.o ABSOLUTE
    ../fplib/microlib/fpepilogue.c           0x00000000   Number         0  depilogue.o ABSOLUTE
    ../fplib/microlib/fpfix.c                0x00000000   Number         0  dfixi.o ABSOLUTE
    ../fplib/microlib/fpfix.c                0x00000000   Number         0  dfixul.o ABSOLUTE
    ../fplib/microlib/fpflt.c                0x00000000   Number         0  dflti.o ABSOLUTE
    ../fplib/microlib/fpmul.c                0x00000000   Number         0  dmul.o ABSOLUTE
    ../fplib/microlib/fpscalb.c              0x00000000   Number         0  dscalb.o ABSOLUTE
    ../fplib/microlib/fpsqrt.c               0x00000000   Number         0  dsqrt.o ABSOLUTE
    ../mathlib/dunder.c                      0x00000000   Number         0  dunder.o ABSOLUTE
    ../mathlib/floor.c                       0x00000000   Number         0  floor.o ABSOLUTE
    ../mathlib/fpclassify.c                  0x00000000   Number         0  fpclassify.o ABSOLUTE
    ../mathlib/poly.c                        0x00000000   Number         0  poly.o ABSOLUTE
    ../mathlib/pow.c                         0x00000000   Number         0  pow.o ABSOLUTE
    ../mathlib/pow.c                         0x00000000   Number         0  pow_x.o ABSOLUTE
    ../mathlib/qnan.c                        0x00000000   Number         0  qnan.o ABSOLUTE
    ../mathlib/sqrt.c                        0x00000000   Number         0  sqrt_x.o ABSOLUTE
    ../mathlib/sqrt.c                        0x00000000   Number         0  sqrt.o ABSOLUTE
    ..\Core\Src\main.c                       0x00000000   Number         0  main.o ABSOLUTE
    ..\Core\Src\stm32f1xx_hal_msp.c          0x00000000   Number         0  stm32f1xx_hal_msp.o ABSOLUTE
    ..\Core\Src\stm32f1xx_it.c               0x00000000   Number         0  stm32f1xx_it.o ABSOLUTE
    ..\Core\Src\system_stm32f1xx.c           0x00000000   Number         0  system_stm32f1xx.o ABSOLUTE
    ..\Drivers\STM32F1xx_HAL_Driver\Src\stm32f1xx_hal.c 0x00000000   Number         0  stm32f1xx_hal.o ABSOLUTE
    ..\Drivers\STM32F1xx_HAL_Driver\Src\stm32f1xx_hal_cortex.c 0x00000000   Number         0  stm32f1xx_hal_cortex.o ABSOLUTE
    ..\Drivers\STM32F1xx_HAL_Driver\Src\stm32f1xx_hal_dma.c 0x00000000   Number         0  stm32f1xx_hal_dma.o ABSOLUTE
    ..\Drivers\STM32F1xx_HAL_Driver\Src\stm32f1xx_hal_exti.c 0x00000000   Number         0  stm32f1xx_hal_exti.o ABSOLUTE
    ..\Drivers\STM32F1xx_HAL_Driver\Src\stm32f1xx_hal_flash.c 0x00000000   Number         0  stm32f1xx_hal_flash.o ABSOLUTE
    ..\Drivers\STM32F1xx_HAL_Driver\Src\stm32f1xx_hal_flash_ex.c 0x00000000   Number         0  stm32f1xx_hal_flash_ex.o ABSOLUTE
    ..\Drivers\STM32F1xx_HAL_Driver\Src\stm32f1xx_hal_gpio.c 0x00000000   Number         0  stm32f1xx_hal_gpio.o ABSOLUTE
    ..\Drivers\STM32F1xx_HAL_Driver\Src\stm32f1xx_hal_gpio_ex.c 0x00000000   Number         0  stm32f1xx_hal_gpio_ex.o ABSOLUTE
    ..\Drivers\STM32F1xx_HAL_Driver\Src\stm32f1xx_hal_pwr.c 0x00000000   Number         0  stm32f1xx_hal_pwr.o ABSOLUTE
    ..\Drivers\STM32F1xx_HAL_Driver\Src\stm32f1xx_hal_rcc.c 0x00000000   Number         0  stm32f1xx_hal_rcc.o ABSOLUTE
    ..\Drivers\STM32F1xx_HAL_Driver\Src\stm32f1xx_hal_rcc_ex.c 0x00000000   Number         0  stm32f1xx_hal_rcc_ex.o ABSOLUTE
    ..\Drivers\STM32F1xx_HAL_Driver\Src\stm32f1xx_hal_tim.c 0x00000000   Number         0  stm32f1xx_hal_tim.o ABSOLUTE
    ..\Drivers\STM32F1xx_HAL_Driver\Src\stm32f1xx_hal_tim_ex.c 0x00000000   Number         0  stm32f1xx_hal_tim_ex.o ABSOLUTE
    ..\Drivers\STM32F1xx_HAL_Driver\Src\stm32f1xx_hal_uart.c 0x00000000   Number         0  stm32f1xx_hal_uart.o ABSOLUTE
    ..\Src\ESP-01s\drv_esp.c                 0x00000000   Number         0  drv_esp.o ABSOLUTE
    ..\Src\ESP-01s\http_client.c             0x00000000   Number         0  http_client.o ABSOLUTE
    ..\Src\bsp_systick.c                     0x00000000   Number         0  bsp_systick.o ABSOLUTE
    ..\Src\bsp_uart.c                        0x00000000   Number         0  bsp_uart.o ABSOLUTE
    ..\Src\cJSON\cJSON.c                     0x00000000   Number         0  cjson.o ABSOLUTE
    ..\Src\cJSON\utf8togbk.c                 0x00000000   Number         0  utf8togbk.o ABSOLUTE
    ..\Src\malloc.c                          0x00000000   Number         0  malloc.o ABSOLUTE
    ..\Src\system_start.c                    0x00000000   Number         0  system_start.o ABSOLUTE
    ..\\Src\\ESP-01s\\drv_esp.c              0x00000000   Number         0  drv_esp.o ABSOLUTE
    ..\\Src\\ESP-01s\\http_client.c          0x00000000   Number         0  http_client.o ABSOLUTE
    ..\\Src\\bsp_systick.c                   0x00000000   Number         0  bsp_systick.o ABSOLUTE
    ..\\Src\\bsp_uart.c                      0x00000000   Number         0  bsp_uart.o ABSOLUTE
    ..\\Src\\cJSON\\cJSON.c                  0x00000000   Number         0  cjson.o ABSOLUTE
    ..\\Src\\malloc.c                        0x00000000   Number         0  malloc.o ABSOLUTE
    ..\\Src\\system_start.c                  0x00000000   Number         0  system_start.o ABSOLUTE
    cdcmple.s                                0x00000000   Number         0  cdcmple.o ABSOLUTE
    cdrcmple.s                               0x00000000   Number         0  cdrcmple.o ABSOLUTE
    dc.s                                     0x00000000   Number         0  dc.o ABSOLUTE
    handlers.s                               0x00000000   Number         0  handlers.o ABSOLUTE
    init.s                                   0x00000000   Number         0  init.o ABSOLUTE
    startup_stm32f103xb.s                    0x00000000   Number         0  startup_stm32f103xb.o ABSOLUTE
    RESET                                    0x08000000   Section      236  startup_stm32f103xb.o(RESET)
    .ARM.Collect$$$$00000000                 0x080000ec   Section        0  entry.o(.ARM.Collect$$$$00000000)
    .ARM.Collect$$$$00000001                 0x080000ec   Section        4  entry2.o(.ARM.Collect$$$$00000001)
    .ARM.Collect$$$$00000004                 0x080000f0   Section        4  entry5.o(.ARM.Collect$$$$00000004)
    .ARM.Collect$$$$00000008                 0x080000f4   Section        0  entry7b.o(.ARM.Collect$$$$00000008)
    .ARM.Collect$$$$0000000A                 0x080000f4   Section        0  entry8b.o(.ARM.Collect$$$$0000000A)
    .ARM.Collect$$$$0000000B                 0x080000f4   Section        8  entry9a.o(.ARM.Collect$$$$0000000B)
    .ARM.Collect$$$$0000000E                 0x080000fc   Section        4  entry12b.o(.ARM.Collect$$$$0000000E)
    .ARM.Collect$$$$0000000F                 0x08000100   Section        0  entry10a.o(.ARM.Collect$$$$0000000F)
    .ARM.Collect$$$$00000011                 0x08000100   Section        0  entry11a.o(.ARM.Collect$$$$00000011)
    .ARM.Collect$$$$00002712                 0x08000100   Section        4  entry2.o(.ARM.Collect$$$$00002712)
    __lit__00000000                          0x08000100   Data           4  entry2.o(.ARM.Collect$$$$00002712)
    .text                                    0x08000104   Section       36  startup_stm32f103xb.o(.text)
    .text                                    0x08000128   Section        0  llushr.o(.text)
    .text                                    0x08000148   Section        0  tolower.o(.text)
    .text                                    0x08000154   Section        0  memcpya.o(.text)
    .text                                    0x08000178   Section        0  memseta.o(.text)
    .text                                    0x0800019c   Section        0  strstr.o(.text)
    .text                                    0x080001c0   Section        0  strlen.o(.text)
    .text                                    0x080001ce   Section        0  strncmp.o(.text)
    .text                                    0x080001ec   Section        0  dadd.o(.text)
    .text                                    0x0800033a   Section        0  dmul.o(.text)
    .text                                    0x0800041e   Section        0  dflti.o(.text)
    .text                                    0x08000440   Section        0  dfixi.o(.text)
    .text                                    0x08000480   Section       48  cdrcmple.o(.text)
    .text                                    0x080004b0   Section        0  uidiv.o(.text)
    .text                                    0x080004dc   Section        0  uldiv.o(.text)
    .text                                    0x0800053e   Section        0  llshl.o(.text)
    .text                                    0x0800055c   Section        0  llsshr.o(.text)
    .text                                    0x08000580   Section        0  depilogue.o(.text)
    .text                                    0x08000580   Section        0  iusefp.o(.text)
    .text                                    0x0800063a   Section        0  ddiv.o(.text)
    .text                                    0x08000718   Section        0  dscalb.o(.text)
    .text                                    0x08000746   Section        0  dfixul.o(.text)
    .text                                    0x08000778   Section       36  init.o(.text)
    .text                                    0x0800079c   Section        0  dsqrt.o(.text)
    i.BusFault_Handler                       0x0800083e   Section        0  stm32f1xx_it.o(i.BusFault_Handler)
    i.DMA_SetConfig                          0x08000840   Section        0  stm32f1xx_hal_dma.o(i.DMA_SetConfig)
    DMA_SetConfig                            0x08000841   Thumb Code    44  stm32f1xx_hal_dma.o(i.DMA_SetConfig)
    i.DebugMon_Handler                       0x0800086c   Section        0  stm32f1xx_it.o(i.DebugMon_Handler)
    i.Error_Handler                          0x0800086e   Section        0  main.o(i.Error_Handler)
    i.GET_NowWeather                         0x08000874   Section        0  http_client.o(i.GET_NowWeather)
    i.HAL_DMA_Init                           0x0800091c   Section        0  stm32f1xx_hal_dma.o(i.HAL_DMA_Init)
    i.HAL_DMA_Start_IT                       0x08000980   Section        0  stm32f1xx_hal_dma.o(i.HAL_DMA_Start_IT)
    i.HAL_GPIO_Init                          0x080009f4   Section        0  stm32f1xx_hal_gpio.o(i.HAL_GPIO_Init)
    i.HAL_GPIO_WritePin                      0x08000be4   Section        0  stm32f1xx_hal_gpio.o(i.HAL_GPIO_WritePin)
    i.HAL_GetTick                            0x08000bf4   Section        0  stm32f1xx_hal.o(i.HAL_GetTick)
    i.HAL_IncTick                            0x08000c00   Section        0  stm32f1xx_hal.o(i.HAL_IncTick)
    i.HAL_Init                               0x08000c10   Section        0  stm32f1xx_hal.o(i.HAL_Init)
    i.HAL_InitTick                           0x08000c34   Section        0  stm32f1xx_hal.o(i.HAL_InitTick)
    i.HAL_MspInit                            0x08000c78   Section        0  stm32f1xx_hal_msp.o(i.HAL_MspInit)
    i.HAL_NVIC_EnableIRQ                     0x08000cb4   Section        0  stm32f1xx_hal_cortex.o(i.HAL_NVIC_EnableIRQ)
    i.HAL_NVIC_SetPriority                   0x08000cd0   Section        0  stm32f1xx_hal_cortex.o(i.HAL_NVIC_SetPriority)
    i.HAL_NVIC_SetPriorityGrouping           0x08000d10   Section        0  stm32f1xx_hal_cortex.o(i.HAL_NVIC_SetPriorityGrouping)
    i.HAL_RCC_ClockConfig                    0x08000d34   Section        0  stm32f1xx_hal_rcc.o(i.HAL_RCC_ClockConfig)
    i.HAL_RCC_GetHCLKFreq                    0x08000e88   Section        0  stm32f1xx_hal_rcc.o(i.HAL_RCC_GetHCLKFreq)
    i.HAL_RCC_GetPCLK1Freq                   0x08000e94   Section        0  stm32f1xx_hal_rcc.o(i.HAL_RCC_GetPCLK1Freq)
    i.HAL_RCC_GetPCLK2Freq                   0x08000eb4   Section        0  stm32f1xx_hal_rcc.o(i.HAL_RCC_GetPCLK2Freq)
    i.HAL_RCC_GetSysClockFreq                0x08000ed4   Section        0  stm32f1xx_hal_rcc.o(i.HAL_RCC_GetSysClockFreq)
    i.HAL_RCC_OscConfig                      0x08000f20   Section        0  stm32f1xx_hal_rcc.o(i.HAL_RCC_OscConfig)
    i.HAL_SYSTICK_CLKSourceConfig            0x080012a4   Section        0  stm32f1xx_hal_cortex.o(i.HAL_SYSTICK_CLKSourceConfig)
    i.HAL_SYSTICK_Config                     0x080012c0   Section        0  stm32f1xx_hal_cortex.o(i.HAL_SYSTICK_Config)
    i.HAL_TIMEx_MasterConfigSynchronization  0x080012e8   Section        0  stm32f1xx_hal_tim_ex.o(i.HAL_TIMEx_MasterConfigSynchronization)
    i.HAL_TIM_Base_Init                      0x08001350   Section        0  stm32f1xx_hal_tim.o(i.HAL_TIM_Base_Init)
    i.HAL_TIM_Base_MspInit                   0x0800139c   Section        0  stm32f1xx_hal_msp.o(i.HAL_TIM_Base_MspInit)
    i.HAL_TIM_ConfigClockSource              0x080013d8   Section        0  stm32f1xx_hal_tim.o(i.HAL_TIM_ConfigClockSource)
    i.HAL_UARTEx_RxEventCallback             0x080014c0   Section        0  stm32f1xx_hal_uart.o(i.HAL_UARTEx_RxEventCallback)
    i.HAL_UART_ErrorCallback                 0x080014c2   Section        0  stm32f1xx_hal_uart.o(i.HAL_UART_ErrorCallback)
    i.HAL_UART_Init                          0x080014c4   Section        0  stm32f1xx_hal_uart.o(i.HAL_UART_Init)
    i.HAL_UART_MspInit                       0x0800152c   Section        0  stm32f1xx_hal_msp.o(i.HAL_UART_MspInit)
    i.HAL_UART_Receive_DMA                   0x080016a0   Section        0  stm32f1xx_hal_uart.o(i.HAL_UART_Receive_DMA)
    i.HAL_UART_RxCpltCallback                0x080016bc   Section        0  stm32f1xx_hal_uart.o(i.HAL_UART_RxCpltCallback)
    i.HAL_UART_RxHalfCpltCallback            0x080016be   Section        0  stm32f1xx_hal_uart.o(i.HAL_UART_RxHalfCpltCallback)
    i.HardFault_Handler                      0x080016c0   Section        0  stm32f1xx_it.o(i.HardFault_Handler)
    i.MX_DMA_Init                            0x080016c4   Section        0  main.o(i.MX_DMA_Init)
    MX_DMA_Init                              0x080016c5   Thumb Code    22  main.o(i.MX_DMA_Init)
    i.MX_GPIO_Init                           0x080016e0   Section        0  main.o(i.MX_GPIO_Init)
    MX_GPIO_Init                             0x080016e1   Thumb Code   118  main.o(i.MX_GPIO_Init)
    i.MX_TIM4_Init                           0x08001760   Section        0  main.o(i.MX_TIM4_Init)
    MX_TIM4_Init                             0x08001761   Thumb Code    94  main.o(i.MX_TIM4_Init)
    i.MX_USART2_UART_Init                    0x080017c8   Section        0  main.o(i.MX_USART2_UART_Init)
    MX_USART2_UART_Init                      0x080017c9   Thumb Code    44  main.o(i.MX_USART2_UART_Init)
    i.MX_USART3_UART_Init                    0x080017fc   Section        0  main.o(i.MX_USART3_UART_Init)
    MX_USART3_UART_Init                      0x080017fd   Thumb Code    44  main.o(i.MX_USART3_UART_Init)
    i.MemManage_Handler                      0x08001830   Section        0  stm32f1xx_it.o(i.MemManage_Handler)
    i.NMI_Handler                            0x08001832   Section        0  stm32f1xx_it.o(i.NMI_Handler)
    i.PendSV_Handler                         0x08001834   Section        0  stm32f1xx_it.o(i.PendSV_Handler)
    i.RCC_Delay                              0x08001838   Section        0  stm32f1xx_hal_rcc.o(i.RCC_Delay)
    RCC_Delay                                0x08001839   Thumb Code    30  stm32f1xx_hal_rcc.o(i.RCC_Delay)
    i.SVC_Handler                            0x0800185c   Section        0  stm32f1xx_it.o(i.SVC_Handler)
    i.SwitchToGbk                            0x08001860   Section        0  utf8togbk.o(i.SwitchToGbk)
    i.SysTick_Handler                        0x080018cc   Section        0  stm32f1xx_it.o(i.SysTick_Handler)
    i.SystemClock_Config                     0x080018d0   Section        0  main.o(i.SystemClock_Config)
    i.SystemInit                             0x0800192e   Section        0  system_stm32f1xx.o(i.SystemInit)
    i.System_Init                            0x08001930   Section        0  system_start.o(i.System_Init)
    i.System_loop                            0x08001940   Section        0  system_start.o(i.System_loop)
    i.TIM4_IRQHandler                        0x0800197c   Section        0  stm32f1xx_it.o(i.TIM4_IRQHandler)
    i.TIM_Base_SetConfig                     0x08001980   Section        0  stm32f1xx_hal_tim.o(i.TIM_Base_SetConfig)
    i.TIM_ETR_SetConfig                      0x080019f8   Section        0  stm32f1xx_hal_tim.o(i.TIM_ETR_SetConfig)
    i.TIM_ITRx_SetConfig                     0x08001a0c   Section        0  stm32f1xx_hal_tim.o(i.TIM_ITRx_SetConfig)
    TIM_ITRx_SetConfig                       0x08001a0d   Thumb Code    16  stm32f1xx_hal_tim.o(i.TIM_ITRx_SetConfig)
    i.TIM_TI1_ConfigInputStage               0x08001a1c   Section        0  stm32f1xx_hal_tim.o(i.TIM_TI1_ConfigInputStage)
    TIM_TI1_ConfigInputStage                 0x08001a1d   Thumb Code    34  stm32f1xx_hal_tim.o(i.TIM_TI1_ConfigInputStage)
    i.TIM_TI2_ConfigInputStage               0x08001a3e   Section        0  stm32f1xx_hal_tim.o(i.TIM_TI2_ConfigInputStage)
    TIM_TI2_ConfigInputStage                 0x08001a3f   Thumb Code    36  stm32f1xx_hal_tim.o(i.TIM_TI2_ConfigInputStage)
    i.UART_DMAError                          0x08001a62   Section        0  stm32f1xx_hal_uart.o(i.UART_DMAError)
    UART_DMAError                            0x08001a63   Thumb Code    74  stm32f1xx_hal_uart.o(i.UART_DMAError)
    i.UART_DMAReceiveCplt                    0x08001aac   Section        0  stm32f1xx_hal_uart.o(i.UART_DMAReceiveCplt)
    UART_DMAReceiveCplt                      0x08001aad   Thumb Code   134  stm32f1xx_hal_uart.o(i.UART_DMAReceiveCplt)
    i.UART_DMARxHalfCplt                     0x08001b32   Section        0  stm32f1xx_hal_uart.o(i.UART_DMARxHalfCplt)
    UART_DMARxHalfCplt                       0x08001b33   Thumb Code    30  stm32f1xx_hal_uart.o(i.UART_DMARxHalfCplt)
    i.UART_EndRxTransfer                     0x08001b50   Section        0  stm32f1xx_hal_uart.o(i.UART_EndRxTransfer)
    UART_EndRxTransfer                       0x08001b51   Thumb Code    78  stm32f1xx_hal_uart.o(i.UART_EndRxTransfer)
    i.UART_EndTxTransfer                     0x08001b9e   Section        0  stm32f1xx_hal_uart.o(i.UART_EndTxTransfer)
    UART_EndTxTransfer                       0x08001b9f   Thumb Code    28  stm32f1xx_hal_uart.o(i.UART_EndTxTransfer)
    i.UART_SetConfig                         0x08001bbc   Section        0  stm32f1xx_hal_uart.o(i.UART_SetConfig)
    UART_SetConfig                           0x08001bbd   Thumb Code   178  stm32f1xx_hal_uart.o(i.UART_SetConfig)
    i.UART_Start_Receive_DMA                 0x08001c74   Section        0  stm32f1xx_hal_uart.o(i.UART_Start_Receive_DMA)
    i.USART2_IRQHandler                      0x08001d08   Section        0  stm32f1xx_it.o(i.USART2_IRQHandler)
    i.USART3_IRQHandler                      0x08001d0c   Section        0  stm32f1xx_it.o(i.USART3_IRQHandler)
    i.UsageFault_Handler                     0x08001d0e   Section        0  stm32f1xx_it.o(i.UsageFault_Handler)
    i.__0printf                              0x08001d10   Section        0  printfa.o(i.__0printf)
    i.__0sprintf                             0x08001d30   Section        0  printfa.o(i.__0sprintf)
    i.__0vsprintf                            0x08001d58   Section        0  printfa.o(i.__0vsprintf)
    i.__ARM_fpclassify                       0x08001d7c   Section        0  fpclassify.o(i.__ARM_fpclassify)
    i.__NVIC_SetPriority                     0x08001da4   Section        0  stm32f1xx_hal_cortex.o(i.__NVIC_SetPriority)
    __NVIC_SetPriority                       0x08001da5   Thumb Code    32  stm32f1xx_hal_cortex.o(i.__NVIC_SetPriority)
    i.__kernel_poly                          0x08001dc4   Section        0  poly.o(i.__kernel_poly)
    i.__mathlib_dbl_divzero                  0x08001e70   Section        0  dunder.o(i.__mathlib_dbl_divzero)
    i.__mathlib_dbl_infnan2                  0x08001e80   Section        0  dunder.o(i.__mathlib_dbl_infnan2)
    i.__mathlib_dbl_invalid                  0x08001e84   Section        0  dunder.o(i.__mathlib_dbl_invalid)
    i.__mathlib_dbl_overflow                 0x08001e90   Section        0  dunder.o(i.__mathlib_dbl_overflow)
    i.__mathlib_dbl_underflow                0x08001ea0   Section        0  dunder.o(i.__mathlib_dbl_underflow)
    i.__scatterload_copy                     0x08001eb0   Section       14  handlers.o(i.__scatterload_copy)
    i.__scatterload_null                     0x08001ebe   Section        2  handlers.o(i.__scatterload_null)
    i.__scatterload_zeroinit                 0x08001ec0   Section       14  handlers.o(i.__scatterload_zeroinit)
    i.__set_errno                            0x08001ed0   Section        0  errno.o(i.__set_errno)
    i._fp_digits                             0x08001edc   Section        0  printfa.o(i._fp_digits)
    _fp_digits                               0x08001edd   Thumb Code   366  printfa.o(i._fp_digits)
    i._printf_core                           0x08002060   Section        0  printfa.o(i._printf_core)
    _printf_core                             0x08002061   Thumb Code  1704  printfa.o(i._printf_core)
    i._printf_post_padding                   0x08002714   Section        0  printfa.o(i._printf_post_padding)
    _printf_post_padding                     0x08002715   Thumb Code    36  printfa.o(i._printf_post_padding)
    i._printf_pre_padding                    0x08002738   Section        0  printfa.o(i._printf_pre_padding)
    _printf_pre_padding                      0x08002739   Thumb Code    46  printfa.o(i._printf_pre_padding)
    i._sputc                                 0x08002766   Section        0  printfa.o(i._sputc)
    _sputc                                   0x08002767   Thumb Code    10  printfa.o(i._sputc)
    i.bsp_systick_Init                       0x08002770   Section        0  bsp_systick.o(i.bsp_systick_Init)
    i.cJSON_Delete                           0x08002784   Section        0  cjson.o(i.cJSON_Delete)
    i.cJSON_GetArrayItem                     0x080027cc   Section        0  cjson.o(i.cJSON_GetArrayItem)
    i.cJSON_GetArraySize                     0x080027de   Section        0  cjson.o(i.cJSON_GetArraySize)
    i.cJSON_GetErrorPtr                      0x080027f0   Section        0  cjson.o(i.cJSON_GetErrorPtr)
    i.cJSON_GetObjectItem                    0x080027fc   Section        0  cjson.o(i.cJSON_GetObjectItem)
    i.cJSON_New_Item                         0x08002818   Section        0  cjson.o(i.cJSON_New_Item)
    cJSON_New_Item                           0x08002819   Thumb Code    26  cjson.o(i.cJSON_New_Item)
    i.cJSON_NowWeatherParse                  0x08002838   Section        0  http_client.o(i.cJSON_NowWeatherParse)
    cJSON_NowWeatherParse                    0x08002839   Thumb Code   602  http_client.o(i.cJSON_NowWeatherParse)
    i.cJSON_Parse                            0x08002b8c   Section        0  cjson.o(i.cJSON_Parse)
    i.cJSON_ParseWithOpts                    0x08002b94   Section        0  cjson.o(i.cJSON_ParseWithOpts)
    i.cJSON_strcasecmp                       0x08002bf8   Section        0  cjson.o(i.cJSON_strcasecmp)
    cJSON_strcasecmp                         0x08002bf9   Thumb Code    76  cjson.o(i.cJSON_strcasecmp)
    i.delay_ms                               0x08002c44   Section        0  bsp_systick.o(i.delay_ms)
    i.delay_us                               0x08002c60   Section        0  bsp_systick.o(i.delay_us)
    i.esp_Config                             0x08002c98   Section        0  drv_esp.o(i.esp_Config)
    i.esp_ConnectAP                          0x08002d60   Section        0  drv_esp.o(i.esp_ConnectAP)
    i.esp_ExitTran                           0x08002da4   Section        0  drv_esp.o(i.esp_ExitTran)
    i.esp_Init                               0x08002e00   Section        0  drv_esp.o(i.esp_Init)
    i.esp_LinkServer                         0x08002e54   Section        0  drv_esp.o(i.esp_LinkServer)
    i.esp_Send_cmd                           0x08002ecc   Section        0  drv_esp.o(i.esp_Send_cmd)
    i.esp_Uart_printf                        0x08002f3c   Section        0  drv_esp.o(i.esp_Uart_printf)
    i.esp_timer_handler                      0x08002f88   Section        0  drv_esp.o(i.esp_timer_handler)
    i.esp_uart_Rx_handler                    0x08002ff4   Section        0  drv_esp.o(i.esp_uart_Rx_handler)
    i.fputc                                  0x08003038   Section        0  bsp_uart.o(i.fputc)
    i.main                                   0x08003050   Section        0  main.o(i.main)
    i.my_free                                0x08003078   Section        0  malloc.o(i.my_free)
    i.my_malloc                              0x08003090   Section        0  malloc.o(i.my_malloc)
    i.my_mem_free                            0x080030b0   Section        0  malloc.o(i.my_mem_free)
    i.my_mem_init                            0x08003108   Section        0  malloc.o(i.my_mem_init)
    i.my_mem_malloc                          0x08003144   Section        0  malloc.o(i.my_mem_malloc)
    i.my_mem_perused                         0x080031e0   Section        0  malloc.o(i.my_mem_perused)
    i.myfree                                 0x08003218   Section        0  malloc.o(i.myfree)
    i.mymalloc                               0x08003230   Section        0  malloc.o(i.mymalloc)
    i.mymemset                               0x08003254   Section        0  malloc.o(i.mymemset)
    i.parse_array                            0x08003264   Section        0  cjson.o(i.parse_array)
    parse_array                              0x08003265   Thumb Code   152  cjson.o(i.parse_array)
    i.parse_hex4                             0x08003300   Section        0  cjson.o(i.parse_hex4)
    parse_hex4                               0x08003301   Thumb Code   190  cjson.o(i.parse_hex4)
    i.parse_number                           0x080033c0   Section        0  cjson.o(i.parse_number)
    parse_number                             0x080033c1   Thumb Code   370  cjson.o(i.parse_number)
    i.parse_object                           0x08003540   Section        0  cjson.o(i.parse_object)
    parse_object                             0x08003541   Thumb Code   234  cjson.o(i.parse_object)
    i.parse_string                           0x08003630   Section        0  cjson.o(i.parse_string)
    parse_string                             0x08003631   Thumb Code   370  cjson.o(i.parse_string)
    i.parse_value                            0x080037ac   Section        0  cjson.o(i.parse_value)
    parse_value                              0x080037ad   Thumb Code   158  cjson.o(i.parse_value)
    i.pow                                    0x08003868   Section        0  pow.o(i.pow)
    i.skip                                   0x08004240   Section        0  cjson.o(i.skip)
    skip                                     0x08004241   Thumb Code    20  cjson.o(i.skip)
    i.sqrt                                   0x08004254   Section        0  sqrt.o(i.sqrt)
    .constdata                               0x080042a0   Section       18  stm32f1xx_hal_rcc.o(.constdata)
    aPredivFactorTable                       0x080042a0   Data           2  stm32f1xx_hal_rcc.o(.constdata)
    aPLLMULFactorTable                       0x080042a2   Data          16  stm32f1xx_hal_rcc.o(.constdata)
    .constdata                               0x080042b2   Section       16  system_stm32f1xx.o(.constdata)
    .constdata                               0x080042c2   Section        8  system_stm32f1xx.o(.constdata)
    .constdata                               0x080042ca   Section        7  cjson.o(.constdata)
    firstByteMark                            0x080042ca   Data           7  cjson.o(.constdata)
    .constdata                               0x080042d4   Section       24  malloc.o(.constdata)
    .constdata                               0x080042ec   Section    41804  utf8togbk.o(.constdata)
    .constdata                               0x0800e638   Section      136  pow.o(.constdata)
    bp                                       0x0800e638   Data          16  pow.o(.constdata)
    dp_h                                     0x0800e648   Data          16  pow.o(.constdata)
    dp_l                                     0x0800e658   Data          16  pow.o(.constdata)
    L                                        0x0800e668   Data          48  pow.o(.constdata)
    P                                        0x0800e698   Data          40  pow.o(.constdata)
    .constdata                               0x0800e6c0   Section        8  qnan.o(.constdata)
    .conststring                             0x0800e6c8   Section      428  http_client.o(.conststring)
    .data                                    0x20000000   Section       12  stm32f1xx_hal.o(.data)
    .data                                    0x2000000c   Section        4  system_stm32f1xx.o(.data)
    .data                                    0x20000010   Section        1  system_start.o(.data)
    .data                                    0x20000014   Section        4  bsp_systick.o(.data)
    fac_us                                   0x20000014   Data           4  bsp_systick.o(.data)
    .data                                    0x20000018   Section        4  bsp_uart.o(.data)
    .data                                    0x2000001c   Section        8  drv_esp.o(.data)
    .data                                    0x20000024   Section       12  cjson.o(.data)
    cJSON_malloc                             0x20000024   Data           4  cjson.o(.data)
    cJSON_free                               0x20000028   Data           4  cjson.o(.data)
    ep                                       0x2000002c   Data           4  cjson.o(.data)
    .data                                    0x20000030   Section       28  malloc.o(.data)
    .data                                    0x2000004c   Section        4  errno.o(.data)
    _errno                                   0x2000004c   Data           4  errno.o(.data)
    .bss                                     0x20000050   Section      216  main.o(.bss)
    .bss                                     0x20000128   Section       68  main.o(.bss)
    .bss                                     0x2000016c   Section       68  main.o(.bss)
    .bss                                     0x200001b0   Section       68  main.o(.bss)
    .bss                                     0x200001f4   Section     1600  drv_esp.o(.bss)
    .bss                                     0x20000834   Section     1536  http_client.o(.bss)
    .bss                                     0x20000e40   Section    12288  malloc.o(.bss)
    .bss                                     0x20003e40   Section      768  malloc.o(.bss)
    STACK                                    0x20004140   Section     1024  startup_stm32f103xb.o(STACK)
    .ARM.__AT_0x68000000                     0x68000000   Section    983040  malloc.o(.ARM.__AT_0x68000000)
    .ARM.__AT_0x680F0000                     0x680f0000   Section    61440  malloc.o(.ARM.__AT_0x680F0000)

    Global Symbols

    Symbol Name                              Value     Ov Type        Size  Object(Section)

    BuildAttributes$$THM_ISAv4$P$D$K$B$S$PE$A:L22UL41UL21$X:L11$S22US41US21$IEEE1$IW$USESV6$~STKCKD$USESV7$~SHL$OTIME$ROPI$IEEEX$EBA8$MICROLIB$REQ8$PRES8$EABIv2 0x00000000   Number         0  anon$$obj.o ABSOLUTE
    __ARM_use_no_argv                        0x00000000   Number         0  main.o ABSOLUTE
    __use_no_errno                           0x00000000   Number         0  useno.o ABSOLUTE
    __use_no_exception_handling              0x00000000   Number         0  useno.o ABSOLUTE
    __use_no_fp                              0x00000000   Number         0  useno.o ABSOLUTE
    __use_no_heap                            0x00000000   Number         0  useno.o ABSOLUTE
    __use_no_heap_region                     0x00000000   Number         0  useno.o ABSOLUTE
    __use_no_semihosting                     0x00000000   Number         0  useno.o ABSOLUTE
    __use_no_semihosting_swi                 0x00000000   Number         0  useno.o ABSOLUTE
    __use_no_signal_handling                 0x00000000   Number         0  useno.o ABSOLUTE
    _printf_a                                0x00000000   Number         0  stubs.o ABSOLUTE
    _printf_c                                0x00000000   Number         0  stubs.o ABSOLUTE
    _printf_charcount                        0x00000000   Number         0  stubs.o ABSOLUTE
    _printf_d                                0x00000000   Number         0  stubs.o ABSOLUTE
    _printf_e                                0x00000000   Number         0  stubs.o ABSOLUTE
    _printf_f                                0x00000000   Number         0  stubs.o ABSOLUTE
    _printf_flags                            0x00000000   Number         0  stubs.o ABSOLUTE
    _printf_fp_dec                           0x00000000   Number         0  stubs.o ABSOLUTE
    _printf_fp_hex                           0x00000000   Number         0  stubs.o ABSOLUTE
    _printf_g                                0x00000000   Number         0  stubs.o ABSOLUTE
    _printf_i                                0x00000000   Number         0  stubs.o ABSOLUTE
    _printf_int_dec                          0x00000000   Number         0  stubs.o ABSOLUTE
    _printf_l                                0x00000000   Number         0  stubs.o ABSOLUTE
    _printf_lc                               0x00000000   Number         0  stubs.o ABSOLUTE
    _printf_ll                               0x00000000   Number         0  stubs.o ABSOLUTE
    _printf_lld                              0x00000000   Number         0  stubs.o ABSOLUTE
    _printf_lli                              0x00000000   Number         0  stubs.o ABSOLUTE
    _printf_llo                              0x00000000   Number         0  stubs.o ABSOLUTE
    _printf_llu                              0x00000000   Number         0  stubs.o ABSOLUTE
    _printf_llx                              0x00000000   Number         0  stubs.o ABSOLUTE
    _printf_longlong_dec                     0x00000000   Number         0  stubs.o ABSOLUTE
    _printf_longlong_hex                     0x00000000   Number         0  stubs.o ABSOLUTE
    _printf_longlong_oct                     0x00000000   Number         0  stubs.o ABSOLUTE
    _printf_ls                               0x00000000   Number         0  stubs.o ABSOLUTE
    _printf_mbtowc                           0x00000000   Number         0  stubs.o ABSOLUTE
    _printf_n                                0x00000000   Number         0  stubs.o ABSOLUTE
    _printf_o                                0x00000000   Number         0  stubs.o ABSOLUTE
    _printf_p                                0x00000000   Number         0  stubs.o ABSOLUTE
    _printf_percent                          0x00000000   Number         0  stubs.o ABSOLUTE
    _printf_pre_padding                      0x00000000   Number         0  stubs.o ABSOLUTE
    _printf_return_value                     0x00000000   Number         0  stubs.o ABSOLUTE
    _printf_s                                0x00000000   Number         0  stubs.o ABSOLUTE
    _printf_sizespec                         0x00000000   Number         0  stubs.o ABSOLUTE
    _printf_str                              0x00000000   Number         0  stubs.o ABSOLUTE
    _printf_truncate_signed                  0x00000000   Number         0  stubs.o ABSOLUTE
    _printf_truncate_unsigned                0x00000000   Number         0  stubs.o ABSOLUTE
    _printf_u                                0x00000000   Number         0  stubs.o ABSOLUTE
    _printf_wc                               0x00000000   Number         0  stubs.o ABSOLUTE
    _printf_wctomb                           0x00000000   Number         0  stubs.o ABSOLUTE
    _printf_widthprec                        0x00000000   Number         0  stubs.o ABSOLUTE
    _printf_x                                0x00000000   Number         0  stubs.o ABSOLUTE
    __arm_fini_                               - Undefined Weak Reference
    __cpp_initialize__aeabi_                  - Undefined Weak Reference
    __cxa_finalize                            - Undefined Weak Reference
    __decompress                              - Undefined Weak Reference
    _clock_init                               - Undefined Weak Reference
    _microlib_exit                            - Undefined Weak Reference
    __Vectors_Size                           0x000000ec   Number         0  startup_stm32f103xb.o ABSOLUTE
    __Vectors                                0x08000000   Data           4  startup_stm32f103xb.o(RESET)
    __Vectors_End                            0x080000ec   Data           0  startup_stm32f103xb.o(RESET)
    __main                                   0x080000ed   Thumb Code     0  entry.o(.ARM.Collect$$$$00000000)
    _main_stk                                0x080000ed   Thumb Code     0  entry2.o(.ARM.Collect$$$$00000001)
    _main_scatterload                        0x080000f1   Thumb Code     0  entry5.o(.ARM.Collect$$$$00000004)
    __main_after_scatterload                 0x080000f5   Thumb Code     0  entry5.o(.ARM.Collect$$$$00000004)
    _main_clock                              0x080000f5   Thumb Code     0  entry7b.o(.ARM.Collect$$$$00000008)
    _main_cpp_init                           0x080000f5   Thumb Code     0  entry8b.o(.ARM.Collect$$$$0000000A)
    _main_init                               0x080000f5   Thumb Code     0  entry9a.o(.ARM.Collect$$$$0000000B)
    __rt_lib_shutdown_fini                   0x080000fd   Thumb Code     0  entry12b.o(.ARM.Collect$$$$0000000E)
    __rt_final_cpp                           0x08000101   Thumb Code     0  entry10a.o(.ARM.Collect$$$$0000000F)
    __rt_final_exit                          0x08000101   Thumb Code     0  entry11a.o(.ARM.Collect$$$$00000011)
    Reset_Handler                            0x08000105   Thumb Code     8  startup_stm32f103xb.o(.text)
    ADC1_2_IRQHandler                        0x0800011f   Thumb Code     0  startup_stm32f103xb.o(.text)
    CAN1_RX1_IRQHandler                      0x0800011f   Thumb Code     0  startup_stm32f103xb.o(.text)
    CAN1_SCE_IRQHandler                      0x0800011f   Thumb Code     0  startup_stm32f103xb.o(.text)
    DMA1_Channel1_IRQHandler                 0x0800011f   Thumb Code     0  startup_stm32f103xb.o(.text)
    DMA1_Channel2_IRQHandler                 0x0800011f   Thumb Code     0  startup_stm32f103xb.o(.text)
    DMA1_Channel3_IRQHandler                 0x0800011f   Thumb Code     0  startup_stm32f103xb.o(.text)
    DMA1_Channel4_IRQHandler                 0x0800011f   Thumb Code     0  startup_stm32f103xb.o(.text)
    DMA1_Channel5_IRQHandler                 0x0800011f   Thumb Code     0  startup_stm32f103xb.o(.text)
    DMA1_Channel6_IRQHandler                 0x0800011f   Thumb Code     0  startup_stm32f103xb.o(.text)
    DMA1_Channel7_IRQHandler                 0x0800011f   Thumb Code     0  startup_stm32f103xb.o(.text)
    EXTI0_IRQHandler                         0x0800011f   Thumb Code     0  startup_stm32f103xb.o(.text)
    EXTI15_10_IRQHandler                     0x0800011f   Thumb Code     0  startup_stm32f103xb.o(.text)
    EXTI1_IRQHandler                         0x0800011f   Thumb Code     0  startup_stm32f103xb.o(.text)
    EXTI2_IRQHandler                         0x0800011f   Thumb Code     0  startup_stm32f103xb.o(.text)
    EXTI3_IRQHandler                         0x0800011f   Thumb Code     0  startup_stm32f103xb.o(.text)
    EXTI4_IRQHandler                         0x0800011f   Thumb Code     0  startup_stm32f103xb.o(.text)
    EXTI9_5_IRQHandler                       0x0800011f   Thumb Code     0  startup_stm32f103xb.o(.text)
    FLASH_IRQHandler                         0x0800011f   Thumb Code     0  startup_stm32f103xb.o(.text)
    I2C1_ER_IRQHandler                       0x0800011f   Thumb Code     0  startup_stm32f103xb.o(.text)
    I2C1_EV_IRQHandler                       0x0800011f   Thumb Code     0  startup_stm32f103xb.o(.text)
    I2C2_ER_IRQHandler                       0x0800011f   Thumb Code     0  startup_stm32f103xb.o(.text)
    I2C2_EV_IRQHandler                       0x0800011f   Thumb Code     0  startup_stm32f103xb.o(.text)
    PVD_IRQHandler                           0x0800011f   Thumb Code     0  startup_stm32f103xb.o(.text)
    RCC_IRQHandler                           0x0800011f   Thumb Code     0  startup_stm32f103xb.o(.text)
    RTC_Alarm_IRQHandler                     0x0800011f   Thumb Code     0  startup_stm32f103xb.o(.text)
    RTC_IRQHandler                           0x0800011f   Thumb Code     0  startup_stm32f103xb.o(.text)
    SPI1_IRQHandler                          0x0800011f   Thumb Code     0  startup_stm32f103xb.o(.text)
    SPI2_IRQHandler                          0x0800011f   Thumb Code     0  startup_stm32f103xb.o(.text)
    TAMPER_IRQHandler                        0x0800011f   Thumb Code     0  startup_stm32f103xb.o(.text)
    TIM1_BRK_IRQHandler                      0x0800011f   Thumb Code     0  startup_stm32f103xb.o(.text)
    TIM1_CC_IRQHandler                       0x0800011f   Thumb Code     0  startup_stm32f103xb.o(.text)
    TIM1_TRG_COM_IRQHandler                  0x0800011f   Thumb Code     0  startup_stm32f103xb.o(.text)
    TIM1_UP_IRQHandler                       0x0800011f   Thumb Code     0  startup_stm32f103xb.o(.text)
    TIM2_IRQHandler                          0x0800011f   Thumb Code     0  startup_stm32f103xb.o(.text)
    TIM3_IRQHandler                          0x0800011f   Thumb Code     0  startup_stm32f103xb.o(.text)
    USART1_IRQHandler                        0x0800011f   Thumb Code     0  startup_stm32f103xb.o(.text)
    USBWakeUp_IRQHandler                     0x0800011f   Thumb Code     0  startup_stm32f103xb.o(.text)
    USB_HP_CAN1_TX_IRQHandler                0x0800011f   Thumb Code     0  startup_stm32f103xb.o(.text)
    USB_LP_CAN1_RX0_IRQHandler               0x0800011f   Thumb Code     0  startup_stm32f103xb.o(.text)
    WWDG_IRQHandler                          0x0800011f   Thumb Code     0  startup_stm32f103xb.o(.text)
    __aeabi_llsr                             0x08000129   Thumb Code    32  llushr.o(.text)
    _ll_ushift_r                             0x08000129   Thumb Code     0  llushr.o(.text)
    tolower                                  0x08000149   Thumb Code    12  tolower.o(.text)
    __aeabi_memcpy                           0x08000155   Thumb Code    36  memcpya.o(.text)
    __aeabi_memcpy4                          0x08000155   Thumb Code     0  memcpya.o(.text)
    __aeabi_memcpy8                          0x08000155   Thumb Code     0  memcpya.o(.text)
    __aeabi_memset                           0x08000179   Thumb Code    14  memseta.o(.text)
    __aeabi_memset4                          0x08000179   Thumb Code     0  memseta.o(.text)
    __aeabi_memset8                          0x08000179   Thumb Code     0  memseta.o(.text)
    __aeabi_memclr                           0x08000187   Thumb Code     4  memseta.o(.text)
    __aeabi_memclr4                          0x08000187   Thumb Code     0  memseta.o(.text)
    __aeabi_memclr8                          0x08000187   Thumb Code     0  memseta.o(.text)
    _memset$wrapper                          0x0800018b   Thumb Code    18  memseta.o(.text)
    strstr                                   0x0800019d   Thumb Code    36  strstr.o(.text)
    strlen                                   0x080001c1   Thumb Code    14  strlen.o(.text)
    strncmp                                  0x080001cf   Thumb Code    30  strncmp.o(.text)
    __aeabi_dadd                             0x080001ed   Thumb Code   322  dadd.o(.text)
    __aeabi_dsub                             0x0800032f   Thumb Code     6  dadd.o(.text)
    __aeabi_drsub                            0x08000335   Thumb Code     6  dadd.o(.text)
    __aeabi_dmul                             0x0800033b   Thumb Code   228  dmul.o(.text)
    __aeabi_i2d                              0x0800041f   Thumb Code    34  dflti.o(.text)
    __aeabi_d2iz                             0x08000441   Thumb Code    62  dfixi.o(.text)
    __aeabi_cdrcmple                         0x08000481   Thumb Code    48  cdrcmple.o(.text)
    __aeabi_uidiv                            0x080004b1   Thumb Code     0  uidiv.o(.text)
    __aeabi_uidivmod                         0x080004b1   Thumb Code    44  uidiv.o(.text)
    __aeabi_uldivmod                         0x080004dd   Thumb Code    98  uldiv.o(.text)
    __aeabi_llsl                             0x0800053f   Thumb Code    30  llshl.o(.text)
    _ll_shift_l                              0x0800053f   Thumb Code     0  llshl.o(.text)
    __aeabi_lasr                             0x0800055d   Thumb Code    36  llsshr.o(.text)
    _ll_sshift_r                             0x0800055d   Thumb Code     0  llsshr.o(.text)
    __I$use$fp                               0x08000581   Thumb Code     0  iusefp.o(.text)
    _double_round                            0x08000581   Thumb Code    30  depilogue.o(.text)
    _double_epilogue                         0x0800059f   Thumb Code   156  depilogue.o(.text)
    __aeabi_ddiv                             0x0800063b   Thumb Code   222  ddiv.o(.text)
    __ARM_scalbn                             0x08000719   Thumb Code    46  dscalb.o(.text)
    scalbn                                   0x08000719   Thumb Code     0  dscalb.o(.text)
    __aeabi_d2ulz                            0x08000747   Thumb Code    48  dfixul.o(.text)
    __scatterload                            0x08000779   Thumb Code    28  init.o(.text)
    __scatterload_rt2                        0x08000779   Thumb Code     0  init.o(.text)
    _dsqrt                                   0x0800079d   Thumb Code   162  dsqrt.o(.text)
    BusFault_Handler                         0x0800083f   Thumb Code     2  stm32f1xx_it.o(i.BusFault_Handler)
    DebugMon_Handler                         0x0800086d   Thumb Code     2  stm32f1xx_it.o(i.DebugMon_Handler)
    Error_Handler                            0x0800086f   Thumb Code     4  main.o(i.Error_Handler)
    GET_NowWeather                           0x08000875   Thumb Code    84  http_client.o(i.GET_NowWeather)
    HAL_DMA_Init                             0x0800091d   Thumb Code    90  stm32f1xx_hal_dma.o(i.HAL_DMA_Init)
    HAL_DMA_Start_IT                         0x08000981   Thumb Code   116  stm32f1xx_hal_dma.o(i.HAL_DMA_Start_IT)
    HAL_GPIO_Init                            0x080009f5   Thumb Code   464  stm32f1xx_hal_gpio.o(i.HAL_GPIO_Init)
    HAL_GPIO_WritePin                        0x08000be5   Thumb Code    14  stm32f1xx_hal_gpio.o(i.HAL_GPIO_WritePin)
    HAL_GetTick                              0x08000bf5   Thumb Code     6  stm32f1xx_hal.o(i.HAL_GetTick)
    HAL_IncTick                              0x08000c01   Thumb Code    12  stm32f1xx_hal.o(i.HAL_IncTick)
    HAL_Init                                 0x08000c11   Thumb Code    32  stm32f1xx_hal.o(i.HAL_Init)
    HAL_InitTick                             0x08000c35   Thumb Code    58  stm32f1xx_hal.o(i.HAL_InitTick)
    HAL_MspInit                              0x08000c79   Thumb Code    52  stm32f1xx_hal_msp.o(i.HAL_MspInit)
    HAL_NVIC_EnableIRQ                       0x08000cb5   Thumb Code    26  stm32f1xx_hal_cortex.o(i.HAL_NVIC_EnableIRQ)
    HAL_NVIC_SetPriority                     0x08000cd1   Thumb Code    60  stm32f1xx_hal_cortex.o(i.HAL_NVIC_SetPriority)
    HAL_NVIC_SetPriorityGrouping             0x08000d11   Thumb Code    26  stm32f1xx_hal_cortex.o(i.HAL_NVIC_SetPriorityGrouping)
    HAL_RCC_ClockConfig                      0x08000d35   Thumb Code   318  stm32f1xx_hal_rcc.o(i.HAL_RCC_ClockConfig)
    HAL_RCC_GetHCLKFreq                      0x08000e89   Thumb Code     6  stm32f1xx_hal_rcc.o(i.HAL_RCC_GetHCLKFreq)
    HAL_RCC_GetPCLK1Freq                     0x08000e95   Thumb Code    22  stm32f1xx_hal_rcc.o(i.HAL_RCC_GetPCLK1Freq)
    HAL_RCC_GetPCLK2Freq                     0x08000eb5   Thumb Code    22  stm32f1xx_hal_rcc.o(i.HAL_RCC_GetPCLK2Freq)
    HAL_RCC_GetSysClockFreq                  0x08000ed5   Thumb Code    58  stm32f1xx_hal_rcc.o(i.HAL_RCC_GetSysClockFreq)
    HAL_RCC_OscConfig                        0x08000f21   Thumb Code   882  stm32f1xx_hal_rcc.o(i.HAL_RCC_OscConfig)
    HAL_SYSTICK_CLKSourceConfig              0x080012a5   Thumb Code    28  stm32f1xx_hal_cortex.o(i.HAL_SYSTICK_CLKSourceConfig)
    HAL_SYSTICK_Config                       0x080012c1   Thumb Code    40  stm32f1xx_hal_cortex.o(i.HAL_SYSTICK_Config)
    HAL_TIMEx_MasterConfigSynchronization    0x080012e9   Thumb Code    90  stm32f1xx_hal_tim_ex.o(i.HAL_TIMEx_MasterConfigSynchronization)
    HAL_TIM_Base_Init                        0x08001351   Thumb Code    74  stm32f1xx_hal_tim.o(i.HAL_TIM_Base_Init)
    HAL_TIM_Base_MspInit                     0x0800139d   Thumb Code    50  stm32f1xx_hal_msp.o(i.HAL_TIM_Base_MspInit)
    HAL_TIM_ConfigClockSource                0x080013d9   Thumb Code   232  stm32f1xx_hal_tim.o(i.HAL_TIM_ConfigClockSource)
    HAL_UARTEx_RxEventCallback               0x080014c1   Thumb Code     2  stm32f1xx_hal_uart.o(i.HAL_UARTEx_RxEventCallback)
    HAL_UART_ErrorCallback                   0x080014c3   Thumb Code     2  stm32f1xx_hal_uart.o(i.HAL_UART_ErrorCallback)
    HAL_UART_Init                            0x080014c5   Thumb Code   102  stm32f1xx_hal_uart.o(i.HAL_UART_Init)
    HAL_UART_MspInit                         0x0800152d   Thumb Code   334  stm32f1xx_hal_msp.o(i.HAL_UART_MspInit)
    HAL_UART_Receive_DMA                     0x080016a1   Thumb Code    28  stm32f1xx_hal_uart.o(i.HAL_UART_Receive_DMA)
    HAL_UART_RxCpltCallback                  0x080016bd   Thumb Code     2  stm32f1xx_hal_uart.o(i.HAL_UART_RxCpltCallback)
    HAL_UART_RxHalfCpltCallback              0x080016bf   Thumb Code     2  stm32f1xx_hal_uart.o(i.HAL_UART_RxHalfCpltCallback)
    HardFault_Handler                        0x080016c1   Thumb Code     2  stm32f1xx_it.o(i.HardFault_Handler)
    MemManage_Handler                        0x08001831   Thumb Code     2  stm32f1xx_it.o(i.MemManage_Handler)
    NMI_Handler                              0x08001833   Thumb Code     2  stm32f1xx_it.o(i.NMI_Handler)
    PendSV_Handler                           0x08001835   Thumb Code     2  stm32f1xx_it.o(i.PendSV_Handler)
    SVC_Handler                              0x0800185d   Thumb Code     2  stm32f1xx_it.o(i.SVC_Handler)
    SwitchToGbk                              0x08001861   Thumb Code   102  utf8togbk.o(i.SwitchToGbk)
    SysTick_Handler                          0x080018cd   Thumb Code     4  stm32f1xx_it.o(i.SysTick_Handler)
    SystemClock_Config                       0x080018d1   Thumb Code    94  main.o(i.SystemClock_Config)
    SystemInit                               0x0800192f   Thumb Code     2  system_stm32f1xx.o(i.SystemInit)
    System_Init                              0x08001931   Thumb Code    16  system_start.o(i.System_Init)
    System_loop                              0x08001941   Thumb Code    36  system_start.o(i.System_loop)
    TIM4_IRQHandler                          0x0800197d   Thumb Code     4  stm32f1xx_it.o(i.TIM4_IRQHandler)
    TIM_Base_SetConfig                       0x08001981   Thumb Code   108  stm32f1xx_hal_tim.o(i.TIM_Base_SetConfig)
    TIM_ETR_SetConfig                        0x080019f9   Thumb Code    20  stm32f1xx_hal_tim.o(i.TIM_ETR_SetConfig)
    UART_Start_Receive_DMA                   0x08001c75   Thumb Code   134  stm32f1xx_hal_uart.o(i.UART_Start_Receive_DMA)
    USART2_IRQHandler                        0x08001d09   Thumb Code     4  stm32f1xx_it.o(i.USART2_IRQHandler)
    USART3_IRQHandler                        0x08001d0d   Thumb Code     2  stm32f1xx_it.o(i.USART3_IRQHandler)
    UsageFault_Handler                       0x08001d0f   Thumb Code     2  stm32f1xx_it.o(i.UsageFault_Handler)
    __0printf                                0x08001d11   Thumb Code    22  printfa.o(i.__0printf)
    __1printf                                0x08001d11   Thumb Code     0  printfa.o(i.__0printf)
    __2printf                                0x08001d11   Thumb Code     0  printfa.o(i.__0printf)
    __c89printf                              0x08001d11   Thumb Code     0  printfa.o(i.__0printf)
    printf                                   0x08001d11   Thumb Code     0  printfa.o(i.__0printf)
    __0sprintf                               0x08001d31   Thumb Code    34  printfa.o(i.__0sprintf)
    __1sprintf                               0x08001d31   Thumb Code     0  printfa.o(i.__0sprintf)
    __2sprintf                               0x08001d31   Thumb Code     0  printfa.o(i.__0sprintf)
    __c89sprintf                             0x08001d31   Thumb Code     0  printfa.o(i.__0sprintf)
    sprintf                                  0x08001d31   Thumb Code     0  printfa.o(i.__0sprintf)
    __0vsprintf                              0x08001d59   Thumb Code    30  printfa.o(i.__0vsprintf)
    __1vsprintf                              0x08001d59   Thumb Code     0  printfa.o(i.__0vsprintf)
    __2vsprintf                              0x08001d59   Thumb Code     0  printfa.o(i.__0vsprintf)
    __c89vsprintf                            0x08001d59   Thumb Code     0  printfa.o(i.__0vsprintf)
    vsprintf                                 0x08001d59   Thumb Code     0  printfa.o(i.__0vsprintf)
    __ARM_fpclassify                         0x08001d7d   Thumb Code    40  fpclassify.o(i.__ARM_fpclassify)
    __kernel_poly                            0x08001dc5   Thumb Code   170  poly.o(i.__kernel_poly)
    __mathlib_dbl_divzero                    0x08001e71   Thumb Code    12  dunder.o(i.__mathlib_dbl_divzero)
    __mathlib_dbl_infnan2                    0x08001e81   Thumb Code     4  dunder.o(i.__mathlib_dbl_infnan2)
    __mathlib_dbl_invalid                    0x08001e85   Thumb Code    12  dunder.o(i.__mathlib_dbl_invalid)
    __mathlib_dbl_overflow                   0x08001e91   Thumb Code    14  dunder.o(i.__mathlib_dbl_overflow)
    __mathlib_dbl_underflow                  0x08001ea1   Thumb Code    10  dunder.o(i.__mathlib_dbl_underflow)
    __scatterload_copy                       0x08001eb1   Thumb Code    14  handlers.o(i.__scatterload_copy)
    __scatterload_null                       0x08001ebf   Thumb Code     2  handlers.o(i.__scatterload_null)
    __scatterload_zeroinit                   0x08001ec1   Thumb Code    14  handlers.o(i.__scatterload_zeroinit)
    __set_errno                              0x08001ed1   Thumb Code     6  errno.o(i.__set_errno)
    bsp_systick_Init                         0x08002771   Thumb Code    16  bsp_systick.o(i.bsp_systick_Init)
    cJSON_Delete                             0x08002785   Thumb Code    66  cjson.o(i.cJSON_Delete)
    cJSON_GetArrayItem                       0x080027cd   Thumb Code    18  cjson.o(i.cJSON_GetArrayItem)
    cJSON_GetArraySize                       0x080027df   Thumb Code    16  cjson.o(i.cJSON_GetArraySize)
    cJSON_GetErrorPtr                        0x080027f1   Thumb Code     6  cjson.o(i.cJSON_GetErrorPtr)
    cJSON_GetObjectItem                      0x080027fd   Thumb Code    28  cjson.o(i.cJSON_GetObjectItem)
    cJSON_Parse                              0x08002b8d   Thumb Code     8  cjson.o(i.cJSON_Parse)
    cJSON_ParseWithOpts                      0x08002b95   Thumb Code    96  cjson.o(i.cJSON_ParseWithOpts)
    delay_ms                                 0x08002c45   Thumb Code    28  bsp_systick.o(i.delay_ms)
    delay_us                                 0x08002c61   Thumb Code    52  bsp_systick.o(i.delay_us)
    esp_Config                               0x08002c99   Thumb Code   114  drv_esp.o(i.esp_Config)
    esp_ConnectAP                            0x08002d61   Thumb Code    32  drv_esp.o(i.esp_ConnectAP)
    esp_ExitTran                             0x08002da5   Thumb Code    76  drv_esp.o(i.esp_ExitTran)
    esp_Init                                 0x08002e01   Thumb Code    68  drv_esp.o(i.esp_Init)
    esp_LinkServer                           0x08002e55   Thumb Code    52  drv_esp.o(i.esp_LinkServer)
    esp_Send_cmd                             0x08002ecd   Thumb Code    96  drv_esp.o(i.esp_Send_cmd)
    esp_Uart_printf                          0x08002f3d   Thumb Code    64  drv_esp.o(i.esp_Uart_printf)
    esp_timer_handler                        0x08002f89   Thumb Code    92  drv_esp.o(i.esp_timer_handler)
    esp_uart_Rx_handler                      0x08002ff5   Thumb Code    56  drv_esp.o(i.esp_uart_Rx_handler)
    fputc                                    0x08003039   Thumb Code    18  bsp_uart.o(i.fputc)
    main                                     0x08003051   Thumb Code    38  main.o(i.main)
    my_free                                  0x08003079   Thumb Code    18  malloc.o(i.my_free)
    my_malloc                                0x08003091   Thumb Code    26  malloc.o(i.my_malloc)
    my_mem_free                              0x080030b1   Thumb Code    80  malloc.o(i.my_mem_free)
    my_mem_init                              0x08003109   Thumb Code    50  malloc.o(i.my_mem_init)
    my_mem_malloc                            0x08003145   Thumb Code   146  malloc.o(i.my_mem_malloc)
    my_mem_perused                           0x080031e1   Thumb Code    48  malloc.o(i.my_mem_perused)
    myfree                                   0x08003219   Thumb Code    20  malloc.o(i.myfree)
    mymalloc                                 0x08003231   Thumb Code    30  malloc.o(i.mymalloc)
    mymemset                                 0x08003255   Thumb Code    14  malloc.o(i.mymemset)
    pow                                      0x08003869   Thumb Code  2512  pow.o(i.pow)
    sqrt                                     0x08004255   Thumb Code    76  sqrt.o(i.sqrt)
    AHBPrescTable                            0x080042b2   Data          16  system_stm32f1xx.o(.constdata)
    APBPrescTable                            0x080042c2   Data           8  system_stm32f1xx.o(.constdata)
    memtblsize                               0x080042d4   Data           8  malloc.o(.constdata)
    memblksize                               0x080042dc   Data           8  malloc.o(.constdata)
    memsize                                  0x080042e4   Data           8  malloc.o(.constdata)
    mb_uni2gb_table                          0x080042ec   Data       41804  utf8togbk.o(.constdata)
    __mathlib_zero                           0x0800e6c0   Data           8  qnan.o(.constdata)
    Region$$Table$$Base                      0x0800e874   Number         0  anon$$obj.o(Region$$Table)
    Region$$Table$$Limit                     0x0800e894   Number         0  anon$$obj.o(Region$$Table)
    uwTickFreq                               0x20000000   Data           1  stm32f1xx_hal.o(.data)
    uwTickPrio                               0x20000004   Data           4  stm32f1xx_hal.o(.data)
    uwTick                                   0x20000008   Data           4  stm32f1xx_hal.o(.data)
    SystemCoreClock                          0x2000000c   Data           4  system_stm32f1xx.o(.data)
    ch                                       0x20000010   Data           1  system_start.o(.data)
    __stdout                                 0x20000018   Data           4  bsp_uart.o(.data)
    esp_rx_sta                               0x2000001c   Data           2  drv_esp.o(.data)
    esp_rx_timer                             0x2000001e   Data           2  drv_esp.o(.data)
    p                                        0x20000020   Data           4  drv_esp.o(.data)
    mallco_dev                               0x20000030   Data          28  malloc.o(.data)
    htim4                                    0x20000050   Data          72  main.o(.bss)
    huart2                                   0x20000098   Data          72  main.o(.bss)
    huart3                                   0x200000e0   Data          72  main.o(.bss)
    hdma_usart2_rx                           0x20000128   Data          68  main.o(.bss)
    hdma_usart3_rx                           0x2000016c   Data          68  main.o(.bss)
    hdma_usart3_tx                           0x200001b0   Data          68  main.o(.bss)
    esp_Rxbuff                               0x200001f4   Data        1000  drv_esp.o(.bss)
    esp_Txbuff                               0x200005dc   Data         600  drv_esp.o(.bss)
    weather_data                             0x20000834   Data        1536  http_client.o(.bss)
    mem1base                                 0x20000e40   Data       12288  malloc.o(.bss)
    mem1mapbase                              0x20003e40   Data         768  malloc.o(.bss)
    __initial_sp                             0x20004540   Data           0  startup_stm32f103xb.o(STACK)
    mem2base                                 0x68000000   Data       983040  malloc.o(.ARM.__AT_0x68000000)
    mem2mapbase                              0x680f0000   Data       61440  malloc.o(.ARM.__AT_0x680F0000)



==============================================================================

Memory Map of the image

  Image Entry point : 0x080000ed

  Load Region LR_IROM1 (Base: 0x08000000, Size: 0x0000e8e4, Max: 0x00010000, ABSOLUTE)

    Execution Region ER_IROM1 (Exec base: 0x08000000, Load base: 0x08000000, Size: 0x0000e894, Max: 0x00010000, ABSOLUTE)

    Exec Addr    Load Addr    Size         Type   Attr      Idx    E Section Name        Object

    0x08000000   0x08000000   0x000000ec   Data   RO            3    RESET               startup_stm32f103xb.o
    0x080000ec   0x080000ec   0x00000000   Code   RO         3526  * .ARM.Collect$$$$00000000  mc_w.l(entry.o)
    0x080000ec   0x080000ec   0x00000004   Code   RO         3851    .ARM.Collect$$$$00000001  mc_w.l(entry2.o)
    0x080000f0   0x080000f0   0x00000004   Code   RO         3854    .ARM.Collect$$$$00000004  mc_w.l(entry5.o)
    0x080000f4   0x080000f4   0x00000000   Code   RO         3856    .ARM.Collect$$$$00000008  mc_w.l(entry7b.o)
    0x080000f4   0x080000f4   0x00000000   Code   RO         3858    .ARM.Collect$$$$0000000A  mc_w.l(entry8b.o)
    0x080000f4   0x080000f4   0x00000008   Code   RO         3859    .ARM.Collect$$$$0000000B  mc_w.l(entry9a.o)
    0x080000fc   0x080000fc   0x00000004   Code   RO         3866    .ARM.Collect$$$$0000000E  mc_w.l(entry12b.o)
    0x08000100   0x08000100   0x00000000   Code   RO         3861    .ARM.Collect$$$$0000000F  mc_w.l(entry10a.o)
    0x08000100   0x08000100   0x00000000   Code   RO         3863    .ARM.Collect$$$$00000011  mc_w.l(entry11a.o)
    0x08000100   0x08000100   0x00000004   Code   RO         3852    .ARM.Collect$$$$00002712  mc_w.l(entry2.o)
    0x08000104   0x08000104   0x00000024   Code   RO            4    .text               startup_stm32f103xb.o
    0x08000128   0x08000128   0x00000020   Code   RO         3529    .text               mc_w.l(llushr.o)
    0x08000148   0x08000148   0x0000000c   Code   RO         3531    .text               mc_w.l(tolower.o)
    0x08000154   0x08000154   0x00000024   Code   RO         3533    .text               mc_w.l(memcpya.o)
    0x08000178   0x08000178   0x00000024   Code   RO         3535    .text               mc_w.l(memseta.o)
    0x0800019c   0x0800019c   0x00000024   Code   RO         3537    .text               mc_w.l(strstr.o)
    0x080001c0   0x080001c0   0x0000000e   Code   RO         3541    .text               mc_w.l(strlen.o)
    0x080001ce   0x080001ce   0x0000001e   Code   RO         3545    .text               mc_w.l(strncmp.o)
    0x080001ec   0x080001ec   0x0000014e   Code   RO         3810    .text               mf_w.l(dadd.o)
    0x0800033a   0x0800033a   0x000000e4   Code   RO         3812    .text               mf_w.l(dmul.o)
    0x0800041e   0x0800041e   0x00000022   Code   RO         3814    .text               mf_w.l(dflti.o)
    0x08000440   0x08000440   0x0000003e   Code   RO         3816    .text               mf_w.l(dfixi.o)
    0x0800047e   0x0800047e   0x00000002   PAD
    0x08000480   0x08000480   0x00000030   Code   RO         3822    .text               mf_w.l(cdrcmple.o)
    0x080004b0   0x080004b0   0x0000002c   Code   RO         3867    .text               mc_w.l(uidiv.o)
    0x080004dc   0x080004dc   0x00000062   Code   RO         3869    .text               mc_w.l(uldiv.o)
    0x0800053e   0x0800053e   0x0000001e   Code   RO         3871    .text               mc_w.l(llshl.o)
    0x0800055c   0x0800055c   0x00000024   Code   RO         3873    .text               mc_w.l(llsshr.o)
    0x08000580   0x08000580   0x00000000   Code   RO         3882    .text               mc_w.l(iusefp.o)
    0x08000580   0x08000580   0x000000ba   Code   RO         3883    .text               mf_w.l(depilogue.o)
    0x0800063a   0x0800063a   0x000000de   Code   RO         3885    .text               mf_w.l(ddiv.o)
    0x08000718   0x08000718   0x0000002e   Code   RO         3887    .text               mf_w.l(dscalb.o)
    0x08000746   0x08000746   0x00000030   Code   RO         3889    .text               mf_w.l(dfixul.o)
    0x08000776   0x08000776   0x00000002   PAD
    0x08000778   0x08000778   0x00000024   Code   RO         3891    .text               mc_w.l(init.o)
    0x0800079c   0x0800079c   0x000000a2   Code   RO         3893    .text               mf_w.l(dsqrt.o)
    0x0800083e   0x0800083e   0x00000002   Code   RO          171    i.BusFault_Handler  stm32f1xx_it.o
    0x08000840   0x08000840   0x0000002c   Code   RO         1737    i.DMA_SetConfig     stm32f1xx_hal_dma.o
    0x0800086c   0x0800086c   0x00000002   Code   RO          172    i.DebugMon_Handler  stm32f1xx_it.o
    0x0800086e   0x0800086e   0x00000004   Code   RO           13    i.Error_Handler     main.o
    0x08000872   0x08000872   0x00000002   PAD
    0x08000874   0x08000874   0x000000a8   Code   RO         2981    i.GET_NowWeather    http_client.o
    0x0800091c   0x0800091c   0x00000064   Code   RO         1744    i.HAL_DMA_Init      stm32f1xx_hal_dma.o
    0x08000980   0x08000980   0x00000074   Code   RO         1748    i.HAL_DMA_Start_IT  stm32f1xx_hal_dma.o
    0x080009f4   0x080009f4   0x000001f0   Code   RO         1674    i.HAL_GPIO_Init     stm32f1xx_hal_gpio.o
    0x08000be4   0x08000be4   0x0000000e   Code   RO         1678    i.HAL_GPIO_WritePin  stm32f1xx_hal_gpio.o
    0x08000bf2   0x08000bf2   0x00000002   PAD
    0x08000bf4   0x08000bf4   0x0000000c   Code   RO         1363    i.HAL_GetTick       stm32f1xx_hal.o
    0x08000c00   0x08000c00   0x00000010   Code   RO         1369    i.HAL_IncTick       stm32f1xx_hal.o
    0x08000c10   0x08000c10   0x00000024   Code   RO         1370    i.HAL_Init          stm32f1xx_hal.o
    0x08000c34   0x08000c34   0x00000044   Code   RO         1371    i.HAL_InitTick      stm32f1xx_hal.o
    0x08000c78   0x08000c78   0x0000003c   Code   RO          283    i.HAL_MspInit       stm32f1xx_hal_msp.o
    0x08000cb4   0x08000cb4   0x0000001a   Code   RO         1834    i.HAL_NVIC_EnableIRQ  stm32f1xx_hal_cortex.o
    0x08000cce   0x08000cce   0x00000002   PAD
    0x08000cd0   0x08000cd0   0x00000040   Code   RO         1840    i.HAL_NVIC_SetPriority  stm32f1xx_hal_cortex.o
    0x08000d10   0x08000d10   0x00000024   Code   RO         1841    i.HAL_NVIC_SetPriorityGrouping  stm32f1xx_hal_cortex.o
    0x08000d34   0x08000d34   0x00000154   Code   RO         1527    i.HAL_RCC_ClockConfig  stm32f1xx_hal_rcc.o
    0x08000e88   0x08000e88   0x0000000c   Code   RO         1532    i.HAL_RCC_GetHCLKFreq  stm32f1xx_hal_rcc.o
    0x08000e94   0x08000e94   0x00000020   Code   RO         1534    i.HAL_RCC_GetPCLK1Freq  stm32f1xx_hal_rcc.o
    0x08000eb4   0x08000eb4   0x00000020   Code   RO         1535    i.HAL_RCC_GetPCLK2Freq  stm32f1xx_hal_rcc.o
    0x08000ed4   0x08000ed4   0x0000004c   Code   RO         1536    i.HAL_RCC_GetSysClockFreq  stm32f1xx_hal_rcc.o
    0x08000f20   0x08000f20   0x00000384   Code   RO         1539    i.HAL_RCC_OscConfig  stm32f1xx_hal_rcc.o
    0x080012a4   0x080012a4   0x0000001c   Code   RO         1843    i.HAL_SYSTICK_CLKSourceConfig  stm32f1xx_hal_cortex.o
    0x080012c0   0x080012c0   0x00000028   Code   RO         1845    i.HAL_SYSTICK_Config  stm32f1xx_hal_cortex.o
    0x080012e8   0x080012e8   0x00000068   Code   RO         1104    i.HAL_TIMEx_MasterConfigSynchronization  stm32f1xx_hal_tim_ex.o
    0x08001350   0x08001350   0x0000004a   Code   RO          370    i.HAL_TIM_Base_Init  stm32f1xx_hal_tim.o
    0x0800139a   0x0800139a   0x00000002   PAD
    0x0800139c   0x0800139c   0x0000003c   Code   RO          285    i.HAL_TIM_Base_MspInit  stm32f1xx_hal_msp.o
    0x080013d8   0x080013d8   0x000000e8   Code   RO          379    i.HAL_TIM_ConfigClockSource  stm32f1xx_hal_tim.o
    0x080014c0   0x080014c0   0x00000002   Code   RO         2367    i.HAL_UARTEx_RxEventCallback  stm32f1xx_hal_uart.o
    0x080014c2   0x080014c2   0x00000002   Code   RO         2381    i.HAL_UART_ErrorCallback  stm32f1xx_hal_uart.o
    0x080014c4   0x080014c4   0x00000066   Code   RO         2385    i.HAL_UART_Init     stm32f1xx_hal_uart.o
    0x0800152a   0x0800152a   0x00000002   PAD
    0x0800152c   0x0800152c   0x00000174   Code   RO          287    i.HAL_UART_MspInit  stm32f1xx_hal_msp.o
    0x080016a0   0x080016a0   0x0000001c   Code   RO         2389    i.HAL_UART_Receive_DMA  stm32f1xx_hal_uart.o
    0x080016bc   0x080016bc   0x00000002   Code   RO         2391    i.HAL_UART_RxCpltCallback  stm32f1xx_hal_uart.o
    0x080016be   0x080016be   0x00000002   Code   RO         2392    i.HAL_UART_RxHalfCpltCallback  stm32f1xx_hal_uart.o
    0x080016c0   0x080016c0   0x00000002   Code   RO          173    i.HardFault_Handler  stm32f1xx_it.o
    0x080016c2   0x080016c2   0x00000002   PAD
    0x080016c4   0x080016c4   0x0000001c   Code   RO           14    i.MX_DMA_Init       main.o
    0x080016e0   0x080016e0   0x00000080   Code   RO           15    i.MX_GPIO_Init      main.o
    0x08001760   0x08001760   0x00000068   Code   RO           16    i.MX_TIM4_Init      main.o
    0x080017c8   0x080017c8   0x00000034   Code   RO           17    i.MX_USART2_UART_Init  main.o
    0x080017fc   0x080017fc   0x00000034   Code   RO           18    i.MX_USART3_UART_Init  main.o
    0x08001830   0x08001830   0x00000002   Code   RO          174    i.MemManage_Handler  stm32f1xx_it.o
    0x08001832   0x08001832   0x00000002   Code   RO          175    i.NMI_Handler       stm32f1xx_it.o
    0x08001834   0x08001834   0x00000002   Code   RO          176    i.PendSV_Handler    stm32f1xx_it.o
    0x08001836   0x08001836   0x00000002   PAD
    0x08001838   0x08001838   0x00000024   Code   RO         1540    i.RCC_Delay         stm32f1xx_hal_rcc.o
    0x0800185c   0x0800185c   0x00000002   Code   RO          177    i.SVC_Handler       stm32f1xx_it.o
    0x0800185e   0x0800185e   0x00000002   PAD
    0x08001860   0x08001860   0x0000006c   Code   RO         3493    i.SwitchToGbk       utf8togbk.o
    0x080018cc   0x080018cc   0x00000004   Code   RO          178    i.SysTick_Handler   stm32f1xx_it.o
    0x080018d0   0x080018d0   0x0000005e   Code   RO           19    i.SystemClock_Config  main.o
    0x0800192e   0x0800192e   0x00000002   Code   RO         2729    i.SystemInit        system_stm32f1xx.o
    0x08001930   0x08001930   0x00000010   Code   RO         2766    i.System_Init       system_start.o
    0x08001940   0x08001940   0x0000003c   Code   RO         2767    i.System_loop       system_start.o
    0x0800197c   0x0800197c   0x00000004   Code   RO          179    i.TIM4_IRQHandler   stm32f1xx_it.o
    0x08001980   0x08001980   0x00000078   Code   RO          463    i.TIM_Base_SetConfig  stm32f1xx_hal_tim.o
    0x080019f8   0x080019f8   0x00000014   Code   RO          474    i.TIM_ETR_SetConfig  stm32f1xx_hal_tim.o
    0x08001a0c   0x08001a0c   0x00000010   Code   RO          475    i.TIM_ITRx_SetConfig  stm32f1xx_hal_tim.o
    0x08001a1c   0x08001a1c   0x00000022   Code   RO          481    i.TIM_TI1_ConfigInputStage  stm32f1xx_hal_tim.o
    0x08001a3e   0x08001a3e   0x00000024   Code   RO          483    i.TIM_TI2_ConfigInputStage  stm32f1xx_hal_tim.o
    0x08001a62   0x08001a62   0x0000004a   Code   RO         2399    i.UART_DMAError     stm32f1xx_hal_uart.o
    0x08001aac   0x08001aac   0x00000086   Code   RO         2400    i.UART_DMAReceiveCplt  stm32f1xx_hal_uart.o
    0x08001b32   0x08001b32   0x0000001e   Code   RO         2402    i.UART_DMARxHalfCplt  stm32f1xx_hal_uart.o
    0x08001b50   0x08001b50   0x0000004e   Code   RO         2408    i.UART_EndRxTransfer  stm32f1xx_hal_uart.o
    0x08001b9e   0x08001b9e   0x0000001c   Code   RO         2410    i.UART_EndTxTransfer  stm32f1xx_hal_uart.o
    0x08001bba   0x08001bba   0x00000002   PAD
    0x08001bbc   0x08001bbc   0x000000b8   Code   RO         2412    i.UART_SetConfig    stm32f1xx_hal_uart.o
    0x08001c74   0x08001c74   0x00000094   Code   RO         2413    i.UART_Start_Receive_DMA  stm32f1xx_hal_uart.o
    0x08001d08   0x08001d08   0x00000004   Code   RO          180    i.USART2_IRQHandler  stm32f1xx_it.o
    0x08001d0c   0x08001d0c   0x00000002   Code   RO          181    i.USART3_IRQHandler  stm32f1xx_it.o
    0x08001d0e   0x08001d0e   0x00000002   Code   RO          182    i.UsageFault_Handler  stm32f1xx_it.o
    0x08001d10   0x08001d10   0x00000020   Code   RO         3782    i.__0printf         mc_w.l(printfa.o)
    0x08001d30   0x08001d30   0x00000028   Code   RO         3784    i.__0sprintf        mc_w.l(printfa.o)
    0x08001d58   0x08001d58   0x00000024   Code   RO         3788    i.__0vsprintf       mc_w.l(printfa.o)
    0x08001d7c   0x08001d7c   0x00000028   Code   RO         3838    i.__ARM_fpclassify  m_ws.l(fpclassify.o)
    0x08001da4   0x08001da4   0x00000020   Code   RO         1847    i.__NVIC_SetPriority  stm32f1xx_hal_cortex.o
    0x08001dc4   0x08001dc4   0x000000aa   Code   RO         3840    i.__kernel_poly     m_ws.l(poly.o)
    0x08001e6e   0x08001e6e   0x00000002   PAD
    0x08001e70   0x08001e70   0x00000010   Code   RO         3824    i.__mathlib_dbl_divzero  m_ws.l(dunder.o)
    0x08001e80   0x08001e80   0x00000004   Code   RO         3826    i.__mathlib_dbl_infnan2  m_ws.l(dunder.o)
    0x08001e84   0x08001e84   0x0000000c   Code   RO         3827    i.__mathlib_dbl_invalid  m_ws.l(dunder.o)
    0x08001e90   0x08001e90   0x0000000e   Code   RO         3828    i.__mathlib_dbl_overflow  m_ws.l(dunder.o)
    0x08001e9e   0x08001e9e   0x00000002   PAD
    0x08001ea0   0x08001ea0   0x00000010   Code   RO         3830    i.__mathlib_dbl_underflow  m_ws.l(dunder.o)
    0x08001eb0   0x08001eb0   0x0000000e   Code   RO         3897    i.__scatterload_copy  mc_w.l(handlers.o)
    0x08001ebe   0x08001ebe   0x00000002   Code   RO         3898    i.__scatterload_null  mc_w.l(handlers.o)
    0x08001ec0   0x08001ec0   0x0000000e   Code   RO         3899    i.__scatterload_zeroinit  mc_w.l(handlers.o)
    0x08001ece   0x08001ece   0x00000002   PAD
    0x08001ed0   0x08001ed0   0x0000000c   Code   RO         3877    i.__set_errno       mc_w.l(errno.o)
    0x08001edc   0x08001edc   0x00000184   Code   RO         3789    i._fp_digits        mc_w.l(printfa.o)
    0x08002060   0x08002060   0x000006b4   Code   RO         3790    i._printf_core      mc_w.l(printfa.o)
    0x08002714   0x08002714   0x00000024   Code   RO         3791    i._printf_post_padding  mc_w.l(printfa.o)
    0x08002738   0x08002738   0x0000002e   Code   RO         3792    i._printf_pre_padding  mc_w.l(printfa.o)
    0x08002766   0x08002766   0x0000000a   Code   RO         3794    i._sputc            mc_w.l(printfa.o)
    0x08002770   0x08002770   0x00000014   Code   RO         2807    i.bsp_systick_Init  bsp_systick.o
    0x08002784   0x08002784   0x00000048   Code   RO         3041    i.cJSON_Delete      cjson.o
    0x080027cc   0x080027cc   0x00000012   Code   RO         3047    i.cJSON_GetArrayItem  cjson.o
    0x080027de   0x080027de   0x00000010   Code   RO         3048    i.cJSON_GetArraySize  cjson.o
    0x080027ee   0x080027ee   0x00000002   PAD
    0x080027f0   0x080027f0   0x0000000c   Code   RO         3049    i.cJSON_GetErrorPtr  cjson.o
    0x080027fc   0x080027fc   0x0000001c   Code   RO         3050    i.cJSON_GetObjectItem  cjson.o
    0x08002818   0x08002818   0x00000020   Code   RO         3054    i.cJSON_New_Item    cjson.o
    0x08002838   0x08002838   0x00000354   Code   RO         2982    i.cJSON_NowWeatherParse  http_client.o
    0x08002b8c   0x08002b8c   0x00000008   Code   RO         3055    i.cJSON_Parse       cjson.o
    0x08002b94   0x08002b94   0x00000064   Code   RO         3056    i.cJSON_ParseWithOpts  cjson.o
    0x08002bf8   0x08002bf8   0x0000004c   Code   RO         3062    i.cJSON_strcasecmp  cjson.o
    0x08002c44   0x08002c44   0x0000001c   Code   RO         2808    i.delay_ms          bsp_systick.o
    0x08002c60   0x08002c60   0x00000038   Code   RO         2809    i.delay_us          bsp_systick.o
    0x08002c98   0x08002c98   0x000000c8   Code   RO         2886    i.esp_Config        drv_esp.o
    0x08002d60   0x08002d60   0x00000044   Code   RO         2887    i.esp_ConnectAP     drv_esp.o
    0x08002da4   0x08002da4   0x0000005c   Code   RO         2888    i.esp_ExitTran      drv_esp.o
    0x08002e00   0x08002e00   0x00000054   Code   RO         2889    i.esp_Init          drv_esp.o
    0x08002e54   0x08002e54   0x00000078   Code   RO         2890    i.esp_LinkServer    drv_esp.o
    0x08002ecc   0x08002ecc   0x00000070   Code   RO         2891    i.esp_Send_cmd      drv_esp.o
    0x08002f3c   0x08002f3c   0x0000004c   Code   RO         2892    i.esp_Uart_printf   drv_esp.o
    0x08002f88   0x08002f88   0x0000006c   Code   RO         2893    i.esp_timer_handler  drv_esp.o
    0x08002ff4   0x08002ff4   0x00000044   Code   RO         2894    i.esp_uart_Rx_handler  drv_esp.o
    0x08003038   0x08003038   0x00000018   Code   RO         2846    i.fputc             bsp_uart.o
    0x08003050   0x08003050   0x00000026   Code   RO           20    i.main              main.o
    0x08003076   0x08003076   0x00000002   PAD
    0x08003078   0x08003078   0x00000018   Code   RO         3401    i.my_free           malloc.o
    0x08003090   0x08003090   0x00000020   Code   RO         3402    i.my_malloc         malloc.o
    0x080030b0   0x080030b0   0x00000058   Code   RO         3403    i.my_mem_free       malloc.o
    0x08003108   0x08003108   0x0000003c   Code   RO         3404    i.my_mem_init       malloc.o
    0x08003144   0x08003144   0x0000009c   Code   RO         3405    i.my_mem_malloc     malloc.o
    0x080031e0   0x080031e0   0x00000038   Code   RO         3406    i.my_mem_perused    malloc.o
    0x08003218   0x08003218   0x00000018   Code   RO         3407    i.myfree            malloc.o
    0x08003230   0x08003230   0x00000024   Code   RO         3408    i.mymalloc          malloc.o
    0x08003254   0x08003254   0x0000000e   Code   RO         3410    i.mymemset          malloc.o
    0x08003262   0x08003262   0x00000002   PAD
    0x08003264   0x08003264   0x0000009c   Code   RO         3066    i.parse_array       cjson.o
    0x08003300   0x08003300   0x000000be   Code   RO         3067    i.parse_hex4        cjson.o
    0x080033be   0x080033be   0x00000002   PAD
    0x080033c0   0x080033c0   0x00000180   Code   RO         3068    i.parse_number      cjson.o
    0x08003540   0x08003540   0x000000f0   Code   RO         3069    i.parse_object      cjson.o
    0x08003630   0x08003630   0x0000017c   Code   RO         3070    i.parse_string      cjson.o
    0x080037ac   0x080037ac   0x000000bc   Code   RO         3071    i.parse_value       cjson.o
    0x08003868   0x08003868   0x000009d8   Code   RO         3517    i.pow               m_ws.l(pow.o)
    0x08004240   0x08004240   0x00000014   Code   RO         3079    i.skip              cjson.o
    0x08004254   0x08004254   0x0000004c   Code   RO         3844    i.sqrt              m_ws.l(sqrt.o)
    0x080042a0   0x080042a0   0x00000012   Data   RO         1541    .constdata          stm32f1xx_hal_rcc.o
    0x080042b2   0x080042b2   0x00000010   Data   RO         2730    .constdata          system_stm32f1xx.o
    0x080042c2   0x080042c2   0x00000008   Data   RO         2731    .constdata          system_stm32f1xx.o
    0x080042ca   0x080042ca   0x00000007   Data   RO         3082    .constdata          cjson.o
    0x080042d1   0x080042d1   0x00000003   PAD
    0x080042d4   0x080042d4   0x00000018   Data   RO         3416    .constdata          malloc.o
    0x080042ec   0x080042ec   0x0000a34c   Data   RO         3494    .constdata          utf8togbk.o
    0x0800e638   0x0800e638   0x00000088   Data   RO         3518    .constdata          m_ws.l(pow.o)
    0x0800e6c0   0x0800e6c0   0x00000008   Data   RO         3842    .constdata          m_ws.l(qnan.o)
    0x0800e6c8   0x0800e6c8   0x000001ac   Data   RO         2984    .conststring        http_client.o
    0x0800e874   0x0800e874   0x00000020   Data   RO         3895    Region$$Table       anon$$obj.o


    Execution Region RW_IRAM1 (Exec base: 0x20000000, Load base: 0x0800e894, Size: 0x00004540, Max: 0x00005000, ABSOLUTE)

    Exec Addr    Load Addr    Size         Type   Attr      Idx    E Section Name        Object

    0x20000000   0x0800e894   0x0000000c   Data   RW         1377    .data               stm32f1xx_hal.o
    0x2000000c   0x0800e8a0   0x00000004   Data   RW         2732    .data               system_stm32f1xx.o
    0x20000010   0x0800e8a4   0x00000001   Data   RW         2770    .data               system_start.o
    0x20000011   0x0800e8a5   0x00000003   PAD
    0x20000014   0x0800e8a8   0x00000004   Data   RW         2810    .data               bsp_systick.o
    0x20000018   0x0800e8ac   0x00000004   Data   RW         2847    .data               bsp_uart.o
    0x2000001c   0x0800e8b0   0x00000008   Data   RW         2896    .data               drv_esp.o
    0x20000024   0x0800e8b8   0x0000000c   Data   RW         3083    .data               cjson.o
    0x20000030   0x0800e8c4   0x0000001c   Data   RW         3417    .data               malloc.o
    0x2000004c   0x0800e8e0   0x00000004   Data   RW         3878    .data               mc_w.l(errno.o)
    0x20000050        -       0x000000d8   Zero   RW           21    .bss                main.o
    0x20000128        -       0x00000044   Zero   RW           22    .bss                main.o
    0x2000016c        -       0x00000044   Zero   RW           23    .bss                main.o
    0x200001b0        -       0x00000044   Zero   RW           24    .bss                main.o
    0x200001f4        -       0x00000640   Zero   RW         2895    .bss                drv_esp.o
    0x20000834        -       0x00000600   Zero   RW         2983    .bss                http_client.o
    0x20000e34   0x0800e8e4   0x0000000c   PAD
    0x20000e40        -       0x00003000   Zero   RW         3414    .bss                malloc.o
    0x20003e40        -       0x00000300   Zero   RW         3415    .bss                malloc.o
    0x20004140        -       0x00000400   Zero   RW            1    STACK               startup_stm32f103xb.o



  Load Region LR$$.ARM.__AT_0x68000000 (Base: 0x68000000, Size: 0x00000000, Max: 0x000f0000, ABSOLUTE)

    Execution Region ER$$.ARM.__AT_0x68000000 (Exec base: 0x68000000, Load base: 0x68000000, Size: 0x000f0000, Max: 0x000f0000, ABSOLUTE, UNINIT)

    Exec Addr    Load Addr    Size         Type   Attr      Idx    E Section Name        Object

    0x68000000        -       0x000f0000   Zero   RW         3412    .ARM.__AT_0x68000000  malloc.o



  Load Region LR$$.ARM.__AT_0x680F0000 (Base: 0x680f0000, Size: 0x00000000, Max: 0x0000f000, ABSOLUTE)

    Execution Region ER$$.ARM.__AT_0x680F0000 (Exec base: 0x680f0000, Load base: 0x680f0000, Size: 0x0000f000, Max: 0x0000f000, ABSOLUTE, UNINIT)

    Exec Addr    Load Addr    Size         Type   Attr      Idx    E Section Name        Object

    0x680f0000        -       0x0000f000   Zero   RW         3413    .ARM.__AT_0x680F0000  malloc.o


==============================================================================

Image component sizes


      Code (inc. data)   RO Data    RW Data    ZI Data      Debug   Object Name

       104          8          0          4          0       1981   bsp_systick.o
        24          6          0          4          0       2311   bsp_uart.o
      1920         86          7         12          0      14403   cjson.o
       928        278          0          8       1600       6920   drv_esp.o
      1020        334        428          0       1536       4832   http_client.o
       500         42          0          0        420     430739   main.o
       490         58         24         28    1057536       7143   malloc.o
        36          8        236          0       1024        796   startup_stm32f103xb.o
       132         24          0         12          0       5253   stm32f1xx_hal.o
       226         14          0          0          0      29589   stm32f1xx_hal_cortex.o
       260         10          0          0          0       2582   stm32f1xx_hal_dma.o
       510         32          0          0          0       2784   stm32f1xx_hal_gpio.o
       492         56          0          0          0       2571   stm32f1xx_hal_msp.o
      1428         90         18          0          0       6548   stm32f1xx_hal_rcc.o
       532         12          0          0          0       5645   stm32f1xx_hal_tim.o
       104         14          0          0          0       1352   stm32f1xx_hal_tim_ex.o
       814         20          0          0          0       8726   stm32f1xx_hal_uart.o
        30          0          0          0          0       5084   stm32f1xx_it.o
        76         24          0          1          0       1581   system_start.o
         2          0         24          4          0       1095   system_stm32f1xx.o
       108          6      41804          0          0       1608   utf8togbk.o

    ----------------------------------------------------------------------
      9762       1122      42576         76    1062128     543543   Object Totals
         0          0         32          0          0          0   (incl. Generated)
        26          0          3          3         12          0   (incl. Padding)

    ----------------------------------------------------------------------

      Code (inc. data)   RO Data    RW Data    ZI Data      Debug   Library Member Name

        62         10          0          0          0        340   dunder.o
        40          0          0          0          0         68   fpclassify.o
       170          0          0          0          0         96   poly.o
      2520        190        136          0          0        324   pow.o
         0          0          8          0          0          0   qnan.o
        76          0          0          0          0         84   sqrt.o
         0          0          0          0          0          0   entry.o
         0          0          0          0          0          0   entry10a.o
         0          0          0          0          0          0   entry11a.o
         4          0          0          0          0          0   entry12b.o
         8          4          0          0          0          0   entry2.o
         4          0          0          0          0          0   entry5.o
         0          0          0          0          0          0   entry7b.o
         0          0          0          0          0          0   entry8b.o
         8          4          0          0          0          0   entry9a.o
        12          6          0          4          0         68   errno.o
        30          0          0          0          0          0   handlers.o
        36          8          0          0          0         68   init.o
         0          0          0          0          0          0   iusefp.o
        30          0          0          0          0         68   llshl.o
        36          0          0          0          0         68   llsshr.o
        32          0          0          0          0         68   llushr.o
        36          0          0          0          0         68   memcpya.o
        36          0          0          0          0        108   memseta.o
      2304        102          0          0          0        696   printfa.o
        14          0          0          0          0         68   strlen.o
        30          0          0          0          0         80   strncmp.o
        36          0          0          0          0         80   strstr.o
        12          0          0          0          0         68   tolower.o
        44          0          0          0          0         80   uidiv.o
        98          0          0          0          0         92   uldiv.o
        48          0          0          0          0         68   cdrcmple.o
       334          0          0          0          0        148   dadd.o
       222          0          0          0          0        100   ddiv.o
       186          0          0          0          0        176   depilogue.o
        62          0          0          0          0         80   dfixi.o
        48          0          0          0          0         68   dfixul.o
        34          0          0          0          0         76   dflti.o
       228          0          0          0          0         96   dmul.o
        46          0          0          0          0         80   dscalb.o
       162          0          0          0          0        100   dsqrt.o

    ----------------------------------------------------------------------
      7058        324        144          4          0       3584   Library Totals
        10          0          0          0          0          0   (incl. Padding)

    ----------------------------------------------------------------------

      Code (inc. data)   RO Data    RW Data    ZI Data      Debug   Library Name

      2868        200        144          0          0        912   m_ws.l
      2810        124          0          4          0       1680   mc_w.l
      1370          0          0          0          0        992   mf_w.l

    ----------------------------------------------------------------------
      7058        324        144          4          0       3584   Library Totals

    ----------------------------------------------------------------------

==============================================================================


      Code (inc. data)   RO Data    RW Data    ZI Data      Debug   

     16820       1446      42720         80    1062128     539947   Grand Totals
     16820       1446      42720         80    1062128     539947   ELF Image Totals
     16820       1446      42720         80          0          0   ROM Totals

==============================================================================

    Total RO  Size (Code + RO Data)                59540 (  58.14kB)
    Total RW  Size (RW Data + ZI Data)           1062208 (1037.31kB)
    Total ROM Size (Code + RO Data + RW Data)      59620 (  58.22kB)

==============================================================================

